ESP-ROM:esp32s3-20210327
Build:Mar 27 2021
rst:0x1 (POWERON),boot:0x29 (SPI_FAST_FLASH_BOOT)
SPIWP:0xee
mode:DIO, clock div:1
load:0x3fce2810,len:0x178c
load:0x403c8700,len:0x4
load:0x403c8704,len:0xcb8
load:0x403cb700,len:0x2db0
entry 0x403c8914
[0;32mI (27) boot: ESP-IDF v5.3.1-dirty 2nd stage bootloader[0m
[0;32mI (27) boot: compile time May 14 2025 17:20:53[0m
[0;32mI (27) boot: Multicore bootloader[0m
[0;32mI (30) boot: chip revision: v0.2[0m
[0;32mI (34) boot.esp32s3: Boot SPI Speed : 80MHz[0m
[0;32mI (39) boot.esp32s3: SPI Mode       : DIO[0m
[0;32mI (44) boot.esp32s3: SPI Flash Size : 16MB[0m
[0;32mI (49) boot: Enabling RNG early entropy source...[0m
[0;32mI (54) boot: Partition Table:[0m
[0;32mI (58) boot: ## Label            Usage          Type ST Offset   Length[0m
[0;32mI (65) boot:  0 nvs              WiFi data        01 02 00009000 00006000[0m
[0;32mI (72) boot:  1 phy_init         RF data          01 01 0000f000 00001000[0m
[0;32mI (80) boot:  2 factory          factory app      00 00 00010000 00177000[0m
[0;32mI (87) boot: End of partition table[0m
[0;32mI (91) esp_image: segment 0: paddr=00010020 vaddr=3c0c0020 size=3bdd0h (245200) map[0m
[0;32mI (144) esp_image: segment 1: paddr=0004bdf8 vaddr=3fc9b700 size=04220h ( 16928) load[0m
[0;32mI (148) esp_image: segment 2: paddr=00050020 vaddr=42000020 size=b1f00h (728832) map[0m
[0;32mI (280) esp_image: segment 3: paddr=00101f28 vaddr=3fc9f920 size=008dch (  2268) load[0m
[0;32mI (281) esp_image: segment 4: paddr=0010280c vaddr=40374000 size=17688h ( 95880) load[0m
[0;32mI (317) boot: Loaded app from partition at offset 0x10000[0m
[0;32mI (317) boot: Disabling RNG early entropy source...[0m
[0;32mI (329) cpu_start: Multicore app[0m
[0;32mI (338) cpu_start: Pro cpu start user code[0m
[0;32mI (338) cpu_start: cpu freq: 160000000 Hz[0m
[0;32mI (338) app_init: Application information:[0m
[0;32mI (341) app_init: Project name:     main[0m
[0;32mI (345) app_init: App version:      1[0m
[0;32mI (350) app_init: Compile time:     May 14 2025 17:20:12[0m
[0;32mI (356) app_init: ELF file SHA256:  78f31fc7b...[0m
[0;32mI (361) app_init: ESP-IDF:          v5.3.1-dirty[0m
[0;32mI (366) efuse_init: Min chip rev:     v0.0[0m
[0;32mI (371) efuse_init: Max chip rev:     v0.99 [0m
[0;32mI (376) efuse_init: Chip rev:         v0.2[0m
[0;32mI (381) heap_init: Initializing. RAM available for dynamic allocation:[0m
[0;32mI (388) heap_init: At 3FCA4918 len 00044DF8 (275 KiB): RAM[0m
[0;32mI (394) heap_init: At 3FCE9710 len 00005724 (21 KiB): RAM[0m
[0;32mI (400) heap_init: At 3FCF0000 len 00008000 (32 KiB): DRAM[0m
[0;32mI (406) heap_init: At 600FE100 len 00001EE8 (7 KiB): RTCRAM[0m
[0;32mI (414) spi_flash: detected chip: boya[0m
[0;32mI (417) spi_flash: flash io: dio[0m
[0;33mW (421) i2s(legacy): legacy i2s driver is deprecated, please migrate to use driver/i2s_std.h, driver/i2s_pdm.h or driver/i2s_tdm.h[0m
[0;32mI (434) sleep: Configure to isolate all GPIO pins in sleep state[0m
[0;32mI (440) sleep: Enable automatic switching of GPIO sleep configuration[0m
[0;32mI (448) main_task: Started on CPU0[0m
[0;32mI (468) main_task: Calling app_main()[0m
[0;32mI (2478) gpio: GPIO[3]| InputEn: 1| OutputEn: 0| OpenDrain: 0| Pullup: 1| Pulldown: 0| Intr:0 [0m
[0;31mE (2478) i2s(legacy): i2s_check_cfg_validity(1003): I2S buffer length at most 1024 and more than 8[0m
[0;31mE (2488) i2s(legacy): i2s_driver_install(1653): I2S configuration is invalid[0m
Guru Meditation Error: Core  0 panic'ed (LoadProhibited). Exception was unhandled.

Core  0 register dump:
PC      : 0x4201db25  PS      : 0x00060530  A0      : 0x8200b61f  A1      : 0x3fca97a0  
A2      : 0x00000000  A3      : 0x3fca980c  A4      : 0x00000000  A5      : 0x00000000  
A6      : 0x3c0f5178  A7      : 0x00000000  A8      : 0x00000000  A9      : 0xfffffc3f  
A10     : 0x00000012  A11     : 0x00000001  A12     : 0x00000000  A13     : 0xffff0000  
A14     : 0x3c0ca310  A15     : 0x3c0ea334  SAR     : 0x00000010  EXCCAUSE: 0x0000001c  
EXCVADDR: 0x0000003c  LBEG    : 0x400556d5  LEND    : 0x400556e5  LCOUNT  : 0xfffffffb  


Backtrace: 0x4201db22:0x3fca97a0 0x4200b61c:0x3fca97d0 0x4200b84d:0x3fca9840 0x420b0ff3:0x3fca9880 0x4037e82d:0x3fca98b0




ELF file SHA256: 78f31fc7b

Rebooting...
���ESP-ROM:esp32s3-20210327
Build:Mar 27 2021
rst:0xc (RTC_SW_CPU_RST),boot:0x29 (SPI_FAST_FLASH_BOOT)
Saved PC:0x40375ba8
SPIWP:0xee
mode:DIO, clock div:1
load:0x3fce2810,len:0x178c
load:0x403c8700,len:0x4
load:0x403c8704,len:0xcb8
load:0x403cb700,len:0x2db0
entry 0x403c8914
[0;32mI (31) boot: ESP-IDF v5.3.1-dirty 2nd stage bootloader[0m
[0;32mI (31) boot: compile time May 14 2025 17:20:53[0m
[0;32mI (31) boot: Multicore bootloader[0m
[0;32mI (35) boot: chip revision: v0.2[0m
[0;32mI (39) boot.esp32s3: Boot SPI Speed : 80MHz[0m
[0;32mI (44) boot.esp32s3: SPI Mode       : DIO[0m
[0;32mI (48) boot.esp32s3: SPI Flash Size : 16MB[0m
[0;32mI (53) boot: Enabling RNG early entropy source...[0m
[0;32mI (58) boot: Partition Table:[0m
[0;32mI (62) boot: ## Label            Usage          Type ST Offset   Length[0m
[0;32mI (69) boot:  0 nvs              WiFi data        01 02 00009000 00006000[0m
[0;32mI (77) boot:  1 phy_init         RF data          01 01 0000f000 00001000[0m
[0;32mI (84) boot:  2 factory          factory app      00 00 00010000 00177000[0m
[0;32mI (92) boot: End of partition table[0m
[0;32mI (96) esp_image: segment 0: paddr=00010020 vaddr=3c0c0020 size=3bdd0h (245200) map[0m
[0;32mI (148) esp_image: segment 1: paddr=0004bdf8 vaddr=3fc9b700 size=04220h ( 16928) load[0m
[0;32mI (152) esp_image: segment 2: paddr=00050020 vaddr=42000020 size=b1f00h (728832) map[0m
[0;32mI (285) esp_image: segment 3: paddr=00101f28 vaddr=3fc9f920 size=008dch (  2268) load[0m
[0;32mI (286) esp_image: segment 4: paddr=0010280c vaddr=40374000 size=17688h ( 95880) load[0m
[0;32mI (321) boot: Loaded app from partition at offset 0x10000[0m
[0;32mI (321) boot: Disabling RNG early entropy source...[0m
[0;32mI (333) cpu_start: Multicore app[0m
[0;32mI (342) cpu_start: Pro cpu start user code[0m
[0;32mI (342) cpu_start: cpu freq: 160000000 Hz[0m
[0;32mI (342) app_init: Application information:[0m
[0;32mI (345) app_init: Project name:     main[0m
[0;32mI (350) app_init: App version:      1[0m
[0;32mI (354) app_init: Compile time:     May 14 2025 17:20:12[0m
[0;32mI (360) app_init: ELF file SHA256:  78f31fc7b...[0m
[0;32mI (365) app_init: ESP-IDF:          v5.3.1-dirty[0m
[0;32mI (371) efuse_init: Min chip rev:     v0.0[0m
[0;32mI (376) efuse_init: Max chip rev:     v0.99 [0m
[0;32mI (380) efuse_init: Chip rev:         v0.2[0m
[0;32mI (385) heap_init: Initializing. RAM available for dynamic allocation:[0m
[0;32mI (393) heap_init: At 3FCA4918 len 00044DF8 (275 KiB): RAM[0m
[0;32mI (399) heap_init: At 3FCE9710 len 00005724 (21 KiB): RAM[0m
[0;32mI (405) heap_init: At 3FCF0000 len 00008000 (32 KiB): DRAM[0m
[0;32mI (411) heap_init: At 600FE100 len 00001EE8 (7 KiB): RTCRAM[0m
[0;32mI (418) spi_flash: detected chip: boya[0m
[0;32mI (422) spi_flash: flash io: dio[0m
[0;33mW (426) i2s(legacy): legacy i2s driver is deprecated, please migrate to use driver/i2s_std.h, driver/i2s_pdm.h or driver/i2s_tdm.h[0m
[0;32mI (438) sleep: Configure to isolate all GPIO pins in sleep state[0m
[0;32mI (445) sleep: Enable automatic switching of GPIO sleep configuration[0m
[0;32mI (452) main_task: Started on CPU0[0m
[0;32mI (472) main_task: Calling app_main()[0m
[0;32mI (2482) gpio: GPIO[3]| InputEn: 1| OutputEn: 0| OpenDrain: 0| Pullup: 1| Pulldown: 0| Intr:0 [0m
[0;31mE (2482) i2s(legacy): i2s_check_cfg_validity(1003): I2S buffer length at most 1024 and more than 8[0m
[0;31mE (2492) i2s(legacy): i2s_driver_install(1653): I2S configuration is invalid[0m
Guru Meditation Error: Core  0 panic'ed (LoadProhibited). Exception was unhandled.

Core  0 register dump:
PC      : 0x4201db25  PS      : 0x00060530  A0      : 0x8200b61f  A1      : 0x3fca97a0  
A2      : 0x00000000  A3      : 0x3fca980c  A4      : 0x00000000  A5      : 0x00000000  
A6      : 0x3c0f5178  A7      : 0x00000000  A8      : 0x00000000  A9      : 0xfffffc3f  
A10     : 0x00000012  A11     : 0x00000001  A12     : 0x00000000  A13     : 0xffff0000  
A14     : 0x3c0ca310  A15     : 0x3c0ea334  SAR     : 0x00000010  EXCCAUSE: 0x0000001c  
EXCVADDR: 0x0000003c  LBEG    : 0x400556d5  LEND    : 0x400556e5  LCOUNT  : 0xfffffffb  


Backtrace: 0x4201db22:0x3fca97a0 0x4200b61c:0x3fca97d0 0x4200b84d:0x3fca9840 0x420b0ff3:0x3fca9880 0x4037e82d:0x3fca98b0




ELF file SHA256: 78f31fc7b

Rebooting...
���ESP-ROM:esp32s3-20210327
Build:Mar 27 2021
rst:0xc (RTC_SW_CPU_RST),boot:0x29 (SPI_FAST_FLASH_BOOT)
Saved PC:0x40375ba8
SPIWP:0xee
mode:DIO, clock div:1
load:0x3fce2810,len:0x178c
load:0x403c8700,len:0x4
load:0x403c8704,len:0xcb8
load:0x403cb700,len:0x2db0
entry 0x403c8914
[0;32mI (31) boot: ESP-IDF v5.3.1-dirty 2nd stage bootloader[0m
[0;32mI (31) boot: compile time May 14 2025 17:20:53[0m
[0;32mI (31) boot: Multicore bootloader[0m
[0;32mI (35) boot: chip revision: v0.2[0m
[0;32mI (39) boot.esp32s3: Boot SPI Speed : 80MHz[0m
[0;32mI (44) boot.esp32s3: SPI Mode       : DIO[0m
[0;32mI (48) boot.esp32s3: SPI Flash Size : 16MB[0m
[0;32mI (53) boot: Enabling RNG early entropy source...[0m
[0;32mI (58) boot: Partition Table:[0m
[0;32mI (62) boot: ## Label            Usage          Type ST Offset   Length[0m
[0;32mI (69) boot:  0 nvs              WiFi data        01 02 00009000 00006000[0m
[0;32mI (77) boot:  1 phy_init         RF data          01 01 0000f000 00001000[0m
[0;32mI (84) boot:  2 factory          factory app      00 00 00010000 00177000[0m
[0;32mI (92) boot: End of partition table[0m
[0;32mI (96) esp_image: segment 0: paddr=00010020 vaddr=3c0c0020 size=3bdd0h (245200) map[0m
[0;32mI (148) esp_image: segment 1: paddr=0004bdf8 vaddr=3fc9b700 size=04220h ( 16928) load[0m
[0;32mI (152) esp_image: segment 2: paddr=00050020 vaddr=42000020 size=b1f00h (728832) map[0m
[0;32mI (285) esp_image: segment 3: paddr=00101f28 vaddr=3fc9f920 size=008dch (  2268) load[0m
[0;32mI (286) esp_image: segment 4: paddr=0010280c vaddr=40374000 size=17688h ( 95880) load[0m
[0;32mI (321) boot: Loaded app from partition at offset 0x10000[0m
[0;32mI (321) boot: Disabling RNG early entropy source...[0m
[0;32mI (333) cpu_start: Multicore app[0m
[0;32mI (342) cpu_start: Pro cpu start user code[0m
[0;32mI (342) cpu_start: cpu freq: 160000000 Hz[0m
[0;32mI (342) app_init: Application information:[0m
[0;32mI (345) app_init: Project name:     main[0m
[0;32mI (350) app_init: App version:      1[0m
[0;32mI (354) app_init: Compile time:     May 14 2025 17:20:12[0m
[0;32mI (360) app_init: ELF file SHA256:  78f31fc7b...[0m
[0;32mI (365) app_init: ESP-IDF:          v5.3.1-dirty[0m
[0;32mI (371) efuse_init: Min chip rev:     v0.0[0m
[0;32mI (376) efuse_init: Max chip rev:     v0.99 [0m
[0;32mI (380) efuse_init: Chip rev:         v0.2[0m
[0;32mI (385) heap_init: Initializing. RAM available for dynamic allocation:[0m
[0;32mI (393) heap_init: At 3FCA4918 len 00044DF8 (275 KiB): RAM[0m
[0;32mI (399) heap_init: At 3FCE9710 len 00005724 (21 KiB): RAM[0m
[0;32mI (405) heap_init: At 3FCF0000 len 00008000 (32 KiB): DRAM[0m
[0;32mI (411) heap_init: At 600FE100 len 00001EE8 (7 KiB): RTCRAM[0m
[0;32mI (418) spi_flash: detected chip: boya[0m
[0;32mI (422) spi_flash: flash io: dio[0m
[0;33mW (426) i2s(legacy): legacy i2s driver is deprecated, please migrate to use driver/i2s_std.h, driver/i2s_pdm.h or driver/i2s_tdm.h[0m
[0;32mI (438) sleep: Configure to isolate all GPIO pins in sleep state[0m
[0;32mI (445) sleep: Enable automatic switching of GPIO sleep configuration[0m
[0;32mI (452) main_task: Started on CPU0[0m
[0;32mI (472) main_task: Calling app_main()[0m
[0;32mI (2482) gpio: GPIO[3]| InputEn: 1| OutputEn: 0| OpenDrain: 0| Pullup: 1| Pulldown: 0| Intr:0 [0m
[0;31mE (2482) i2s(legacy): i2s_check_cfg_validity(1003): I2S buffer length at most 1024 and more than 8[0m
[0;31mE (2492) i2s(legacy): i2s_driver_install(1653): I2S configuration is invalid[0m
Guru Meditation Error: Core  0 panic'ed (LoadProhibited). Exception was unhandled.

Core  0 register dump:
PC      : 0x4201db25  PS      : 0x00060530  A0      : 0x8200b61f  A1      : 0x3fca97a0  
A2      : 0x00000000  A3      : 0x3fca980c  A4      : 0x00000000  A5      : 0x00000000  
A6      : 0x3c0f5178  A7      : 0x00000000  A8      : 0x00000000  A9      : 0xfffffc3f  
A10     : 0x00000012  A11     : 0x00000001  A12     : 0x00000000  A13     : 0xffff0000  
A14     : 0x3c0ca310  A15     : 0x3c0ea334  SAR     : 0x00000010  EXCCAUSE: 0x0000001c  
EXCVADDR: 0x0000003c  LBEG    : 0x400556d5  LEND    : 0x400556e5  LCOUNT  : 0xfffffffb  


Backtrace: 0x4201db22:0x3fca97a0 0x4200b61c:0x3fca97d0 0x4200b84d:0x3fca9840 0x420b0ff3:0x3fca9880 0x4037e82d:0x3fca98b0




ELF file SHA256: 78f31fc7b

Rebooting...
���ESP-ROM:esp32s3-20210327
Build:Mar 27 2021
rst:0xc (RTC_SW_CPU_RST),boot:0x29 (SPI_FAST_FLASH_BOOT)
Saved PC:0x40375ba8
SPIWP:0xee
mode:DIO, clock div:1
load:0x3fce2810,len:0x178c
load:0x403c8700,len:0x4
load:0x403c8704,len:0xcb8
load:0x403cb700,len:0x2db0
entry 0x403c8914
[0;32mI (31) boot: ESP-IDF v5.3.1-dirty 2nd stage bootloader[0m
[0;32mI (31) boot: compile time May 14 2025 17:20:53[0m
[0;32mI (31) boot: Multicore bootloader[0m
[0;32mI (35) boot: chip revision: v0.2[0m
[0;32mI (39) boot.esp32s3: Boot SPI Speed : 80MHz[0m
[0;32mI (44) boot.esp32s3: SPI Mode       : DIO[0m
[0;32mI (48) boot.esp32s3: SPI Flash Size : 16MB[0m
[0;32mI (53) boot: Enabling RNG early entropy source...[0m
[0;32mI (58) boot: Partition Table:[0m
[0;32mI (62) boot: ## Label            Usage          Type ST Offset   Length[0m
[0;32mI (69) boot:  0 nvs              WiFi data        01 02 00009000 00006000[0m
[0;32mI (77) boot:  1 phy_init         RF data          01 01 0000f000 00001000[0m
[0;32mI (84) boot:  2 factory          factory app      00 00 00010000 00177000[0m
[0;32mI (92) boot: End of partition table[0m
[0;32mI (96) esp_image: segment 0: paddr=00010020 vaddr=3c0c0020 size=3bdd0h (245200) map[0m
[0;32mI (148) esp_image: segment 1: paddr=0004bdf8 vaddr=3fc9b700 size=04220h ( 16928) load[0m
[0;32mI (152) esp_image: segment 2: paddr=00050020 vaddr=42000020 size=b1f00h (728832) map[0m
[0;32mI (285) esp_image: segment 3: paddr=00101f28 vaddr=3fc9f920 size=008dch (  2268) load[0m
[0;32mI (286) esp_image: segment 4: paddr=0010280c vaddr=40374000 size=17688h ( 95880) load[0m
[0;32mI (321) boot: Loaded app from partition at offset 0x10000[0m
[0;32mI (321) boot: Disabling RNG early entropy source...[0m
[0;32mI (333) cpu_start: Multicore app[0m
[0;32mI (342) cpu_start: Pro cpu start user code[0m
[0;32mI (342) cpu_start: cpu freq: 160000000 Hz[0m
[0;32mI (342) app_init: Application information:[0m
[0;32mI (345) app_init: Project name:     main[0m
[0;32mI (350) app_init: App version:      1[0m
[0;32mI (354) app_init: Compile time:     May 14 2025 17:20:12[0m
[0;32mI (360) app_init: ELF file SHA256:  78f31fc7b...[0m
[0;32mI (365) app_init: ESP-IDF:          v5.3.1-dirty[0m
[0;32mI (371) efuse_init: Min chip rev:     v0.0[0m
[0;32mI (376) efuse_init: Max chip rev:     v0.99 [0m
[0;32mI (380) efuse_init: Chip rev:         v0.2[0m
[0;32mI (385) heap_init: Initializing. RAM available for dynamic allocation:[0m
[0;32mI (393) heap_init: At 3FCA4918 len 00044DF8 (275 KiB): RAM[0m
[0;32mI (399) heap_init: At 3FCE9710 len 00005724 (21 KiB): RAM[0m
[0;32mI (405) heap_init: At 3FCF0000 len 00008000 (32 KiB): DRAM[0m
[0;32mI (411) heap_init: At 600FE100 len 00001EE8 (7 KiB): RTCRAM[0m
[0;32mI (418) spi_flash: detected chip: boya[0m
[0;32mI (422) spi_flash: flash io: dio[0m
[0;33mW (426) i2s(legacy): legacy i2s driver is deprecated, please migrate to use driver/i2s_std.h, driver/i2s_pdm.h or driver/i2s_tdm.h[0m
[0;32mI (438) sleep: Configure to isolate all GPIO pins in sleep state[0m
[0;32mI (445) sleep: Enable automatic switching of GPIO sleep configuration[0m
[0;32mI (452) main_task: Started on CPU0[0m
[0;32mI (472) main_task: Calling app_main()[0m
[0;32mI (2482) gpio: GPIO[3]| InputEn: 1| OutputEn: 0| OpenDrain: 0| Pullup: 1| Pulldown: 0| Intr:0 [0m
[0;31mE (2482) i2s(legacy): i2s_check_cfg_validity(1003): I2S buffer length at most 1024 and more than 8[0m
[0;31mE (2492) i2s(legacy): i2s_driver_install(1653): I2S configuration is invalid[0m
Guru Meditation Error: Core  0 panic'ed (LoadProhibited). Exception was unhandled.

Core  0 register dump:
PC      : 0x4201db25  PS      : 0x00060530  A0      : 0x8200b61f  A1      : 0x3fca97a0  
A2      : 0x00000000  A3      : 0x3fca980c  A4      : 0x00000000  A5      : 0x00000000  
A6      : 0x3c0f5178  A7      : 0x00000000  A8      : 0x00000000  A9      : 0xfffffc3f  
A10     : 0x00000012  A11     : 0x00000001  A12     : 0x00000000  A13     : 0xffff0000  
A14     : 0x3c0ca310  A15     : 0x3c0ea334  SAR     : 0x00000010  EXCCAUSE: 0x0000001c  
EXCVADDR: 0x0000003c  LBEG    : 0x400556d5  LEND    : 0x400556e5  LCOUNT  : 0xfffffffb  


Backtrace: 0x4201db22:0x3fca97a0 0x4200b61c:0x3fca97d0 0x4200b84d:0x3fca9840 0x420b0ff3:0x3fca9880 0x4037e82d:0x3fca98b0




ELF file SHA256: 78f31fc7b

Rebooting...
���ESP-ROM:esp32s3-20210327
Build:Mar 27 2021
rst:0xc (RTC_SW_CPU_RST),boot:0x29 (SPI_FAST_FLASH_BOOT)
Saved PC:0x40375ba8
SPIWP:0xee
mode:DIO, clock div:1
load:0x3fce2810,len:0x178c
load:0x403c8700,len:0x4
load:0x403c8704,len:0xcb8
load:0x403cb700,len:0x2db0
entry 0x403c8914
[0;32mI (31) boot: ESP-IDF v5.3.1-dirty 2nd stage bootloader[0m
[0;32mI (31) boot: compile time May 14 2025 17:20:53[0m
[0;32mI (31) boot: Multicore bootloader[0m
[0;32mI (35) boot: chip revision: v0.2[0m
[0;32mI (39) boot.esp32s3: Boot SPI Speed : 80MHz[0m
[0;32mI (44) boot.esp32s3: SPI Mode       : DIO[0m
[0;32mI (48) boot.esp32s3: SPI Flash Size : 16MB[0m
[0;32mI (53) boot: Enabling RNG early entropy source...[0m
[0;32mI (58) boot: Partition Table:[0m
[0;32mI (62) boot: ## Label            Usage          Type ST Offset   Length[0m
[0;32mI (69) boot:  0 nvs              WiFi data        01 02 00009000 00006000[0m
[0;32mI (77) boot:  1 phy_init         RF data          01 01 0000f000 00001000[0m
[0;32mI (84) boot:  2 factory          factory app      00 00 00010000 00177000[0m
[0;32mI (92) boot: End of partition table[0m
[0;32mI (96) esp_image: segment 0: paddr=00010020 vaddr=3c0c0020 size=3bdd0h (245200) map[0m
[0;32mI (148) esp_image: segment 1: paddr=0004bdf8 vaddr=3fc9b700 size=04220h ( 16928) load[0m
[0;32mI (152) esp_image: segment 2: paddr=00050020 vaddr=42000020 size=b1f00h (728832) map[0m
[0;32mI (285) esp_image: segment 3: paddr=00101f28 vaddr=3fc9f920 size=008dch (  2268) load[0m
[0;32mI (286) esp_image: segment 4: paddr=0010280c vaddr=40374000 size=17688h ( 95880) load[0m
[0;32mI (321) boot: Loaded app from partition at offset 0x10000[0m
[0;32mI (321) boot: Disabling RNG early entropy source...[0m
[0;32mI (333) cpu_start: Multicore app[0m
[0;32mI (342) cpu_start: Pro cpu start user code[0m
[0;32mI (342) cpu_start: cpu freq: 160000000 Hz[0m
[0;32mI (342) app_init: Application information:[0m
[0;32mI (345) app_init: Project name:     main[0m
[0;32mI (350) app_init: App version:      1[0m
[0;32mI (354) app_init: Compile time:     May 14 2025 17:20:12[0m
[0;32mI (360) app_init: ELF file SHA256:  78f31fc7b...[0m
[0;32mI (365) app_init: ESP-IDF:          v5.3.1-dirty[0m
[0;32mI (371) efuse_init: Min chip rev:     v0.0[0m
[0;32mI (376) efuse_init: Max chip rev:     v0.99 [0m
[0;32mI (380) efuse_init: Chip rev:         v0.2[0m
[0;32mI (385) heap_init: Initializing. RAM available for dynamic allocation:[0m
[0;32mI (393) heap_init: At 3FCA4918 len 00044DF8 (275 KiB): RAM[0m
[0;32mI (399) heap_init: At 3FCE9710 len 00005724 (21 KiB): RAM[0m
[0;32mI (405) heap_init: At 3FCF0000 len 00008000 (32 KiB): DRAM[0m
[0;32mI (411) heap_init: At 600FE100 len 00001EE8 (7 KiB): RTCRAM[0m
[0;32mI (418) spi_flash: detected chip: boya[0m
[0;32mI (422) spi_flash: flash io: dio[0m
[0;33mW (426) i2s(legacy): legacy i2s driver is deprecated, please migrate to use driver/i2s_std.h, driver/i2s_pdm.h or driver/i2s_tdm.h[0m
[0;32mI (438) sleep: Configure to isolate all GPIO pins in sleep state[0m
[0;32mI (445) sleep: Enable automatic switching of GPIO sleep configuration[0m
[0;32mI (452) main_task: Started on CPU0[0m
[0;32mI (472) main_task: Calling app_main()[0m
[0;32mI (2482) gpio: GPIO[3]| InputEn: 1| OutputEn: 0| OpenDrain: 0| Pullup: 1| Pulldown: 0| Intr:0 [0m
[0;31mE (2482) i2s(legacy): i2s_check_cfg_validity(1003): I2S buffer length at most 1024 and more than 8[0m
[0;31mE (2492) i2s(legacy): i2s_driver_install(1653): I2S configuration is invalid[0m
Guru Meditation Error: Core  0 panic'ed (LoadProhibited). Exception was unhandled.

Core  0 register dump:
PC      : 0x4201db25  PS      : 0x00060530  A0      : 0x8200b61f  A1      : 0x3fca97a0  
A2      : 0x00000000  A3      : 0x3fca980c  A4      : 0x00000000  A5      : 0x00000000  
A6      : 0x3c0f5178  A7      : 0x00000000  A8      : 0x00000000  A9      : 0xfffffc3f  
A10     : 0x00000012  A11     : 0x00000001  A12     : 0x00000000  A13     : 0xffff0000  
A14     : 0x3c0ca310  A15     : 0x3c0ea334  SAR     : 0x00000010  EXCCAUSE: 0x0000001c  
EXCVADDR: 0x0000003c  LBEG    : 0x400556d5  LEND    : 0x400556e5  LCOUNT  : 0xfffffffb  


Backtrace: 0x4201db22:0x3fca97a0 0x4200b61c:0x3fca97d0 0x4200b84d:0x3fca9840 0x420b0ff3:0x3fca9880 0x4037e82d:0x3fca98b0




ELF file SHA256: 78f31fc7b

Rebooting...
���ESP-ROM:esp32s3-20210327
Build:Mar 27 2021
rst:0xc (RTC_SW_CPU_RST),boot:0x29 (SPI_FAST_FLASH_BOOT)
Saved PC:0x40375ba8
SPIWP:0xee
mode:DIO, clock div:1
load:0x3fce2810,len:0x178c
load:0x403c8700,len:0x4
load:0x403c8704,len:0xcb8
load:0x403cb700,len:0x2db0
entry 0x403c8914
[0;32mI (31) boot: ESP-IDF v5.3.1-dirty 2nd stage bootloader[0m
[0;32mI (31) boot: compile time May 14 2025 17:20:53[0m
[0;32mI (31) boot: Multicore bootloader[0m
[0;32mI (35) boot: chip revision: v0.2[0m
[0;32mI (39) boot.esp32s3: Boot SPI Speed : 80MHz[0m
[0;32mI (44) boot.esp32s3: SPI Mode       : DIO[0m
[0;32mI (48) boot.esp32s3: SPI Flash Size : 16MB[0m
[0;32mI (53) boot: Enabling RNG early entropy source...[0m
[0;32mI (58) boot: Partition Table:[0m
[0;32mI (62) boot: ## Label            Usage          Type ST Offset   Length[0m
[0;32mI (69) boot:  0 nvs              WiFi data        01 02 00009000 00006000[0m
[0;32mI (77) boot:  1 phy_init         RF data          01 01 0000f000 00001000[0m
[0;32mI (84) boot:  2 factory          factory app      00 00 00010000 00177000[0m
[0;32mI (92) boot: End of partition table[0m
[0;32mI (96) esp_image: segment 0: paddr=00010020 vaddr=3c0c0020 size=3bdd0h (245200) map[0m
[0;32mI (148) esp_image: segment 1: paddr=0004bdf8 vaddr=3fc9b700 size=04220h ( 16928) load[0m
[0;32mI (152) esp_image: segment 2: paddr=00050020 vaddr=42000020 size=b1f00h (728832) map[0m
[0;32mI (285) esp_image: segment 3: paddr=00101f28 vaddr=3fc9f920 size=008dch (  2268) load[0m
[0;32mI (286) esp_image: segment 4: paddr=0010280c vaddr=40374000 size=17688h ( 95880) load[0m
[0;32mI (321) boot: Loaded app from partition at offset 0x10000[0m
[0;32mI (321) boot: Disabling RNG early entropy source...[0m
[0;32mI (333) cpu_start: Multicore app[0m
[0;32mI (342) cpu_start: Pro cpu start user code[0m
[0;32mI (342) cpu_start: cpu freq: 160000000 Hz[0m
[0;32mI (342) app_init: Application information:[0m
[0;32mI (345) app_init: Project name:     main[0m
[0;32mI (350) app_init: App version:      1[0m
[0;32mI (354) app_init: Compile time:     May 14 2025 17:20:12[0m
[0;32mI (360) app_init: ELF file SHA256:  78f31fc7b...[0m
[0;32mI (365) app_init: ESP-IDF:          v5.3.1-dirty[0m
[0;32mI (371) efuse_init: Min chip rev:     v0.0[0m
[0;32mI (376) efuse_init: Max chip rev:     v0.99 [0m
[0;32mI (380) efuse_init: Chip rev:         v0.2[0m
[0;32mI (385) heap_init: Initializing. RAM available for dynamic allocation:[0m
[0;32mI (393) heap_init: At 3FCA4918 len 00044DF8 (275 KiB): RAM[0m
[0;32mI (399) heap_init: At 3FCE9710 len 00005724 (21 KiB): RAM[0m
[0;32mI (405) heap_init: At 3FCF0000 len 00008000 (32 KiB): DRAM[0m
[0;32mI (411) heap_init: At 600FE100 len 00001EE8 (7 KiB): RTCRAM[0m
[0;32mI (418) spi_flash: detected chip: boya[0m
[0;32mI (422) spi_flash: flash io: dio[0m
[0;33mW (426) i2s(legacy): legacy i2s driver is deprecated, please migrate to use driver/i2s_std.h, driver/i2s_pdm.h or driver/i2s_tdm.h[0m
[0;32mI (438) sleep: Configure to isolate all GPIO pins in sleep state[0m
[0;32mI (445) sleep: Enable automatic switching of GPIO sleep configuration[0m
[0;32mI (452) main_task: Started on CPU0[0m
[0;32mI (472) main_task: Calling app_main()[0m
[0;32mI (2482) gpio: GPIO[3]| InputEn: 1| OutputEn: 0| OpenDrain: 0| Pullup: 1| Pulldown: 0| Intr:0 [0m
[0;31mE (2482) i2s(legacy): i2s_check_cfg_validity(1003): I2S buffer length at most 1024 and more than 8[0m
[0;31mE (2492) i2s(legacy): i2s_driver_install(1653): I2S configuration is invalid[0m
Guru Meditation Error: Core  0 panic'ed (LoadProhibited). Exception was unhandled.

Core  0 register dump:
PC      : 0x4201db25  PS      : 0x00060530  A0      : 0x8200b61f  A1      : 0x3fca97a0  
A2      : 0x00000000  A3      : 0x3fca980c  A4      : 0x00000000  A5      : 0x00000000  
A6      : 0x3c0f5178  A7      : 0x00000000  A8      : 0x00000000  A9      : 0xfffffc3f  
A10     : 0x00000012  A11     : 0x00000001  A12     : 0x00000000  A13     : 0xffff0000  
A14     : 0x3c0ca310  A15     : 0x3c0ea334  SAR     : 0x00000010  EXCCAUSE: 0x0000001c  
EXCVADDR: 0x0000003c  LBEG    : 0x400556d5  LEND    : 0x400556e5  LCOUNT  : 0xfffffffb  


Backtrace: 0x4201db22:0x3fca97a0 0x4200b61c:0x3fca97d0 0x4200b84d:0x3fca9840 0x420b0ff3:0x3fca9880 0x4037e82d:0x3fca98b0




ELF file SHA256: 78f31fc7b

Rebooting...
���ESP-ROM:esp32s3-20210327
Build:Mar 27 2021
rst:0xc (RTC_SW_CPU_RST),boot:0x29 (SPI_FAST_FLASH_BOOT)
Saved PC:0x40375ba8
SPIWP:0xee
mode:DIO, clock div:1
load:0x3fce2810,len:0x178c
load:0x403c8700,len:0x4
load:0x403c8704,len:0xcb8
load:0x403cb700,len:0x2db0
entry 0x403c8914
[0;32mI (31) boot: ESP-IDF v5.3.1-dirty 2nd stage bootloader[0m
[0;32mI (31) boot: compile time May 14 2025 17:20:53[0m
[0;32mI (31) boot: Multicore bootloader[0m
[0;32mI (35) boot: chip revision: v0.2[0m
[0;32mI (39) boot.esp32s3: Boot SPI Speed : 80MHz[0m
[0;32mI (44) boot.esp32s3: SPI Mode       : DIO[0m
[0;32mI (48) boot.esp32s3: SPI Flash Size : 16MB[0m
[0;32mI (53) boot: Enabling RNG early entropy source...[0m
[0;32mI (58) boot: Partition Table:[0m
[0;32mI (62) boot: ## Label            Usage          Type ST Offset   Length[0m
[0;32mI (69) boot:  0 nvs              WiFi data        01 02 00009000 00006000[0m
[0;32mI (77) boot:  1 phy_init         RF data          01 01 0000f000 00001000[0m
[0;32mI (84) boot:  2 factory          factory app      00 00 00010000 00177000[0m
[0;32mI (92) boot: End of partition table[0m
[0;32mI (96) esp_image: segment 0: paddr=00010020 vaddr=3c0c0020 size=3bdd0h (245200) map[0m
[0;32mI (148) esp_image: segment 1: paddr=0004bdf8 vaddr=3fc9b700 size=04220h ( 16928) load[0m
[0;32mI (152) esp_image: segment 2: paddr=00050020 vaddr=42000020 size=b1f00h (728832) map[0m
[0;32mI (285) esp_image: segment 3: paddr=00101f28 vaddr=3fc9f920 size=008dch (  2268) load[0m
[0;32mI (286) esp_image: segment 4: paddr=0010280c vaddr=40374000 size=17688h ( 95880) load[0m
[0;32mI (321) boot: Loaded app from partition at offset 0x10000[0m
[0;32mI (321) boot: Disabling RNG early entropy source...[0m
[0;32mI (333) cpu_start: Multicore app[0m
[0;32mI (342) cpu_start: Pro cpu start user code[0m
[0;32mI (342) cpu_start: cpu freq: 160000000 Hz[0m
[0;32mI (342) app_init: Application information:[0m
[0;32mI (345) app_init: Project name:     main[0m
[0;32mI (350) app_init: App version:      1[0m
[0;32mI (354) app_init: Compile time:     May 14 2025 17:20:12[0m
[0;32mI (360) app_init: ELF file SHA256:  78f31fc7b...[0m
[0;32mI (365) app_init: ESP-IDF:          v5.3.1-dirty[0m
[0;32mI (371) efuse_init: Min chip rev:     v0.0[0m
[0;32mI (376) efuse_init: Max chip rev:     v0.99 [0m
[0;32mI (380) efuse_init: Chip rev:         v0.2[0m
[0;32mI (385) heap_init: Initializing. RAM available for dynamic allocation:[0m
[0;32mI (393) heap_init: At 3FCA4918 len 00044DF8 (275 KiB): RAM[0m
[0;32mI (399) heap_init: At 3FCE9710 len 00005724 (21 KiB): RAM[0m
[0;32mI (405) heap_init: At 3FCF0000 len 00008000 (32 KiB): DRAM[0m
[0;32mI (411) heap_init: At 600FE100 len 00001EE8 (7 KiB): RTCRAM[0m
[0;32mI (418) spi_flash: detected chip: boya[0m
[0;32mI (422) spi_flash: flash io: dio[0m
[0;33mW (426) i2s(legacy): legacy i2s driver is deprecated, please migrate to use driver/i2s_std.h, driver/i2s_pdm.h or driver/i2s_tdm.h[0m
[0;32mI (438) sleep: Configure to isolate all GPIO pins in sleep state[0m
[0;32mI (445) sleep: Enable automatic switching of GPIO sleep configuration[0m
[0;32mI (452) main_task: Started on CPU0[0m
[0;32mI (472) main_task: Calling app_main()[0m
[0;32mI (2482) gpio: GPIO[3]| InputEn: 1| OutputEn: 0| OpenDrain: 0| Pullup: 1| Pulldown: 0| Intr:0 [0m
[0;31mE (2482) i2s(legacy): i2s_check_cfg_validity(1003): I2S buffer length at most 1024 and more than 8[0m
[0;31mE (2492) i2s(legacy): i2s_driver_install(1653): I2S configuration is invalid[0m
Guru Meditation Error: Core  0 panic'ed (LoadProhibited). Exception was unhandled.

Core  0 register dump:
PC      : 0x4201db25  PS      : 0x00060530  A0      : 0x8200b61f  A1      : 0x3fca97a0  
A2      : 0x00000000  A3      : 0x3fca980c  A4      : 0x00000000  A5      : 0x00000000  
A6      : 0x3c0f5178  A7      : 0x00000000  A8      : 0x00000000  A9      : 0xfffffc3f  
A10     : 0x00000012  A11     : 0x00000001  A12     : 0x00000000  A13     : 0xffff0000  
A14     : 0x3c0ca310  A15     : 0x3c0ea334  SAR     : 0x00000010  EXCCAUSE: 0x0000001c  
EXCVADDR: 0x0000003c  LBEG    : 0x400556d5  LEND    : 0x400556e5  LCOUNT  : 0xfffffffb  


Backtrace: 0x4201db22:0x3fca97a0 0x4200b61c:0x3fca97d0 0x4200b84d:0x3fca9840 0x420b0ff3:0x3fca9880 0x4037e82d:0x3fca98b0




ELF file SHA256: 78f31fc7b

Rebooting...
���ESP-ROM:esp32s3-20210327
Build:Mar 27 2021
rst:0xc (RTC_SW_CPU_RST),boot:0x29 (SPI_FAST_FLASH_BOOT)
Saved PC:0x40375ba8
SPIWP:0xee
mode:DIO, clock div:1
load:0x3fce2810,len:0x178c
load:0x403c8700,len:0x4
load:0x403c8704,len:0xcb8
load:0x403cb700,len:0x2db0
entry 0x403c8914
[0;32mI (31) boot: ESP-IDF v5.3.1-dirty 2nd stage bootloader[0m
[0;32mI (31) boot: compile time May 14 2025 17:20:53[0m
[0;32mI (31) boot: Multicore bootloader[0m
[0;32mI (35) boot: chip revision: v0.2[0m
[0;32mI (39) boot.esp32s3: Boot SPI Speed : 80MHz[0m
[0;32mI (44) boot.esp32s3: SPI Mode       : DIO[0m
[0;32mI (48) boot.esp32s3: SPI Flash Size : 16MB[0m
[0;32mI (53) boot: Enabling RNG early entropy source...[0m
[0;32mI (58) boot: Partition Table:[0m
[0;32mI (62) boot: ## Label            Usage          Type ST Offset   Length[0m
[0;32mI (69) boot:  0 nvs              WiFi data        01 02 00009000 00006000[0m
[0;32mI (77) boot:  1 phy_init         RF data          01 01 0000f000 00001000[0m
[0;32mI (84) boot:  2 factory          factory app      00 00 00010000 00177000[0m
[0;32mI (92) boot: End of partition table[0m
[0;32mI (96) esp_image: segment 0: paddr=00010020 vaddr=3c0c0020 size=3bdd0h (245200) map[0m
[0;32mI (148) esp_image: segment 1: paddr=0004bdf8 vaddr=3fc9b700 size=04220h ( 16928) load[0m
[0;32mI (152) esp_image: segment 2: paddr=00050020 vaddr=42000020 size=b1f00h (728832) map[0m
[0;32mI (285) esp_image: segment 3: paddr=00101f28 vaddr=3fc9f920 size=008dch (  2268) load[0m
[0;32mI (286) esp_image: segment 4: paddr=0010280c vaddr=40374000 size=17688h ( 95880) load[0m
[0;32mI (321) boot: Loaded app from partition at offset 0x10000[0m
[0;32mI (321) boot: Disabling RNG early entropy source...[0m
[0;32mI (333) cpu_start: Multicore app[0m
[0;32mI (342) cpu_start: Pro cpu start user code[0m
[0;32mI (342) cpu_start: cpu freq: 160000000 Hz[0m
[0;32mI (342) app_init: Application information:[0m
[0;32mI (345) app_init: Project name:     main[0m
[0;32mI (350) app_init: App version:      1[0m
[0;32mI (354) app_init: Compile time:     May 14 2025 17:20:12[0m
[0;32mI (360) app_init: ELF file SHA256:  78f31fc7b...[0m
[0;32mI (365) app_init: ESP-IDF:          v5.3.1-dirty[0m
[0;32mI (371) efuse_init: Min chip rev:     v0.0[0m
[0;32mI (376) efuse_init: Max chip rev:     v0.99 [0m
[0;32mI (380) efuse_init: Chip rev:         v0.2[0m
[0;32mI (385) heap_init: Initializing. RAM available for dynamic allocation:[0m
[0;32mI (393) heap_init: At 3FCA4918 len 00044DF8 (275 KiB): RAM[0m
[0;32mI (399) heap_init: At 3FCE9710 len 00005724 (21 KiB): RAM[0m
[0;32mI (405) heap_init: At 3FCF0000 len 00008000 (32 KiB): DRAM[0m
[0;32mI (411) heap_init: At 600FE100 len 00001EE8 (7 KiB): RTCRAM[0m
[0;32mI (418) spi_flash: detected chip: boya[0m
[0;32mI (422) spi_flash: flash io: dio[0m
[0;33mW (426) i2s(legacy): legacy i2s driver is deprecated, please migrate to use driver/i2s_std.h, driver/i2s_pdm.h or driver/i2s_tdm.h[0m
[0;32mI (438) sleep: Configure to isolate all GPIO pins in sleep state[0m
[0;32mI (445) sleep: Enable automatic switching of GPIO sleep configuration[0m
[0;32mI (452) main_task: Started on CPU0[0m
[0;32mI (472) main_task: Calling app_main()[0m
[0;32mI (2482) gpio: GPIO[3]| InputEn: 1| OutputEn: 0| OpenDrain: 0| Pullup: 1| Pulldown: 0| Intr:0 [0m
[0;31mE (2482) i2s(legacy): i2s_check_cfg_validity(1003): I2S buffer length at most 1024 and more than 8[0m
[0;31mE (2492) i2s(legacy): i2s_driver_install(1653): I2S configuration is invalid[0m
Guru Meditation Error: Core  0 panic'ed (LoadProhibited). Exception was unhandled.

Core  0 register dump:
PC      : 0x4201db25  PS      : 0x00060530  A0      : 0x8200b61f  A1      : 0x3fca97a0  
A2      : 0x00000000  A3      : 0x3fca980c  A4      : 0x00000000  A5      : 0x00000000  
A6      : 0x3c0f5178  A7      : 0x00000000  A8      : 0x00000000  A9      : 0xfffffc3f  
A10     : 0x00000012  A11     : 0x00000001  A12     : 0x00000000  A13     : 0xffff0000  
A14     : 0x3c0ca310  A15     : 0x3c0ea334  SAR     : 0x00000010  EXCCAUSE: 0x0000001c  
EXCVADDR: 0x0000003c  LBEG    : 0x400556d5  LEND    : 0x400556e5  LCOUNT  : 0xfffffffb  


Backtrace: 0x4201db22:0x3fca97a0 0x4200b61c:0x3fca97d0 0x4200b84d:0x3fca9840 0x420b0ff3:0x3fca9880 0x4037e82d:0x3fca98b0




ELF file SHA256: 78f31fc7b

Rebooting...
���ESP-ROM:esp32s3-20210327
Build:Mar 27 2021
rst:0xc (RTC_SW_CPU_RST),boot:0x29 (SPI_FAST_FLASH_BOOT)
Saved PC:0x40375ba8
SPIWP:0xee
mode:DIO, clock div:1
load:0x3fce2810,len:0x178c
load:0x403c8700,len:0x4
load:0x403c8704,len:0xcb8
load:0x403cb700,len:0x2db0
entry 0x403c8914
[0;32mI (31) boot: ESP-IDF v5.3.1-dirty 2nd stage bootloader[0m
[0;32mI (31) boot: compile time May 14 2025 17:20:53[0m
[0;32mI (31) boot: Multicore bootloader[0m
[0;32mI (35) boot: chip revision: v0.2[0m
[0;32mI (39) boot.esp32s3: Boot SPI Speed : 80MHz[0m
[0;32mI (44) boot.esp32s3: SPI Mode       : DIO[0m
[0;32mI (48) boot.esp32s3: SPI Flash Size : 16MB[0m
[0;32mI (53) boot: Enabling RNG early entropy source...[0m
[0;32mI (58) boot: Partition Table:[0m
[0;32mI (62) boot: ## Label            Usage          Type ST Offset   Length[0m
[0;32mI (69) boot:  0 nvs              WiFi data        01 02 00009000 00006000[0m
[0;32mI (77) boot:  1 phy_init         RF data          01 01 0000f000 00001000[0m
[0;32mI (84) boot:  2 factory          factory app      00 00 00010000 00177000[0m
[0;32mI (92) boot: End of partition table[0m
[0;32mI (96) esp_image: segment 0: paddr=00010020 vaddr=3c0c0020 size=3bdd0h (245200) map[0m
[0;32mI (148) esp_image: segment 1: paddr=0004bdf8 vaddr=3fc9b700 size=04220h ( 16928) load[0m
[0;32mI (152) esp_image: segment 2: paddr=00050020 vaddr=42000020 size=b1f00h (728832) map[0m
[0;32mI (285) esp_image: segment 3: paddr=00101f28 vaddr=3fc9f920 size=008dch (  2268) load[0m
[0;32mI (286) esp_image: segment 4: paddr=0010280c vaddr=40374000 size=17688h ( 95880) load[0m
[0;32mI (321) boot: Loaded app from partition at offset 0x10000[0m
[0;32mI (321) boot: Disabling RNG early entropy source...[0m
[0;32mI (333) cpu_start: Multicore app[0m
[0;32mI (342) cpu_start: Pro cpu start user code[0m
[0;32mI (342) cpu_start: cpu freq: 160000000 Hz[0m
[0;32mI (342) app_init: Application information:[0m
[0;32mI (345) app_init: Project name:     main[0m
[0;32mI (350) app_init: App version:      1[0m
[0;32mI (354) app_init: Compile time:     May 14 2025 17:20:12[0m
[0;32mI (360) app_init: ELF file SHA256:  78f31fc7b...[0m
[0;32mI (365) app_init: ESP-IDF:          v5.3.1-dirty[0m
[0;32mI (371) efuse_init: Min chip rev:     v0.0[0m
[0;32mI (376) efuse_init: Max chip rev:     v0.99 [0m
[0;32mI (380) efuse_init: Chip rev:         v0.2[0m
[0;32mI (385) heap_init: Initializing. RAM available for dynamic allocation:[0m
[0;32mI (393) heap_init: At 3FCA4918 len 00044DF8 (275 KiB): RAM[0m
[0;32mI (399) heap_init: At 3FCE9710 len 00005724 (21 KiB): RAM[0m
[0;32mI (405) heap_init: At 3FCF0000 len 00008000 (32 KiB): DRAM[0m
[0;32mI (411) heap_init: At 600FE100 len 00001EE8 (7 KiB): RTCRAM[0m
[0;32mI (418) spi_flash: detected chip: boya[0m
[0;32mI (422) spi_flash: flash io: dio[0m
[0;33mW (426) i2s(legacy): legacy i2s driver is deprecated, please migrate to use driver/i2s_std.h, driver/i2s_pdm.h or driver/i2s_tdm.h[0m
[0;32mI (438) sleep: Configure to isolate all GPIO pins in sleep state[0m
[0;32mI (445) sleep: Enable automatic switching of GPIO sleep configuration[0m
[0;32mI (452) main_task: Started on CPU0[0m
[0;32mI (472) main_task: Calling app_main()[0m
[0;32mI (2482) gpio: GPIO[3]| InputEn: 1| OutputEn: 0| OpenDrain: 0| Pullup: 1| Pulldown: 0| Intr:0 [0m
[0;31mE (2482) i2s(legacy): i2s_check_cfg_validity(1003): I2S buffer length at most 1024 and more than 8[0m
[0;31mE (2492) i2s(legacy): i2s_driver_install(1653): I2S configuration is invalid[0m
Guru Meditation Error: Core  0 panic'ed (LoadProhibited). Exception was unhandled.

Core  0 register dump:
PC      : 0x4201db25  PS      : 0x00060530  A0      : 0x8200b61f  A1      : 0x3fca97a0  
A2      : 0x00000000  A3      : 0x3fca980c  A4      : 0x00000000  A5      : 0x00000000  
A6      : 0x3c0f5178  A7      : 0x00000000  A8      : 0x00000000  A9      : 0xfffffc3f  
A10     : 0x00000012  A11     : 0x00000001  A12     : 0x00000000  A13     : 0xffff0000  
A14     : 0x3c0ca310  A15     : 0x3c0ea334  SAR     : 0x00000010  EXCCAUSE: 0x0000001c  
EXCVADDR: 0x0000003c  LBEG    : 0x400556d5  LEND    : 0x400556e5  LCOUNT  : 0xfffffffb  


Backtrace: 0x4201db22:0x3fca97a0 0x4200b61c:0x3fca97d0 0x4200b84d:0x3fca9840 0x420b0ff3:0x3fca9880 0x4037e82d:0x3fca98b0




ELF file SHA256: 78f31fc7b

Rebooting...
���ESP-ROM:esp32s3-20210327
Build:Mar 27 2021
rst:0xc (RTC_SW_CPU_RST),boot:0x29 (SPI_FAST_FLASH_BOOT)
Saved PC:0x40375ba8
SPIWP:0xee
mode:DIO, clock div:1
load:0x3fce2810,len:0x178c
load:0x403c8700,len:0x4
load:0x403c8704,len:0xcb8
load:0x403cb700,len:0x2db0
entry 0x403c8914
[0;32mI (31) boot: ESP-IDF v5.3.1-dirty 2nd stage bootloader[0m
[0;32mI (31) boot: compile time May 14 2025 17:20:53[0m
[0;32mI (31) boot: Multicore bootloader[0m
[0;32mI (35) boot: chip revision: v0.2[0m
[0;32mI (39) boot.esp32s3: Boot SPI Speed : 80MHz[0m
[0;32mI (44) boot.esp32s3: SPI Mode       : DIO[0m
[0;32mI (48) boot.esp32s3: SPI Flash Size : 16MB[0m
[0;32mI (53) boot: Enabling RNG early entropy source...[0m
[0;32mI (58) boot: Partition Table:[0m
[0;32mI (62) boot: ## Label            Usage          Type ST Offset   Length[0m
[0;32mI (69) boot:  0 nvs              WiFi data        01 02 00009000 00006000[0m
[0;32mI (77) boot:  1 phy_init         RF data          01 01 0000f000 00001000[0m
[0;32mI (84) boot:  2 factory          factory app      00 00 00010000 00177000[0m
[0;32mI (92) boot: End of partition table[0m
[0;32mI (96) esp_image: segment 0: paddr=00010020 vaddr=3c0c0020 size=3bdd0h (245200) map[0m
[0;32mI (148) esp_image: segment 1: paddr=0004bdf8 vaddr=3fc9b700 size=04220h ( 16928) load[0m
[0;32mI (152) esp_image: segment 2: paddr=00050020 vaddr=42000020 size=b1f00h (728832) map[0m
[0;32mI (285) esp_image: segment 3: paddr=00101f28 vaddr=3fc9f920 size=008dch (  2268) load[0m
[0;32mI (286) esp_image: segment 4: paddr=0010280c vaddr=40374000 size=17688h ( 95880) load[0m
[0;32mI (321) boot: Loaded app from partition at offset 0x10000[0m
[0;32mI (321) boot: Disabling RNG early entropy source...[0m
[0;32mI (333) cpu_start: Multicore app[0m
[0;32mI (342) cpu_start: Pro cpu start user code[0m
[0;32mI (342) cpu_start: cpu freq: 160000000 Hz[0m
[0;32mI (342) app_init: Application information:[0m
[0;32mI (345) app_init: Project name:     main[0m
[0;32mI (350) app_init: App version:      1[0m
[0;32mI (354) app_init: Compile time:     May 14 2025 17:20:12[0m
[0;32mI (360) app_init: ELF file SHA256:  78f31fc7b...[0m
[0;32mI (365) app_init: ESP-IDF:          v5.3.1-dirty[0m
[0;32mI (371) efuse_init: Min chip rev:     v0.0[0m
[0;32mI (376) efuse_init: Max chip rev:     v0.99 [0m
[0;32mI (380) efuse_init: Chip rev:         v0.2[0m
[0;32mI (385) heap_init: Initializing. RAM available for dynamic allocation:[0m
[0;32mI (393) heap_init: At 3FCA4918 len 00044DF8 (275 KiB): RAM[0m
[0;32mI (399) heap_init: At 3FCE9710 len 00005724 (21 KiB): RAM[0m
[0;32mI (405) heap_init: At 3FCF0000 len 00008000 (32 KiB): DRAM[0m
[0;32mI (411) heap_init: At 600FE100 len 00001EE8 (7 KiB): RTCRAM[0m
[0;32mI (418) spi_flash: detected chip: boya[0m
[0;32mI (422) spi_flash: flash io: dio[0m
[0;33mW (426) i2s(legacy): legacy i2s driver is deprecated, please migrate to use driver/i2s_std.h, driver/i2s_pdm.h or driver/i2s_tdm.h[0m
[0;32mI (438) sleep: Configure to isolate all GPIO pins in sleep state[0m
[0;32mI (445) sleep: Enable automatic switching of GPIO sleep configuration[0m
[0;32mI (452) main_task: Started on CPU0[0m
[0;32mI (472) main_task: Calling app_main()[0m
[0;32mI (2482) gpio: GPIO[3]| InputEn: 1| OutputEn: 0| OpenDrain: 0| Pullup: 1| Pulldown: 0| Intr:0 [0m
[0;31mE (2482) i2s(legacy): i2s_check_cfg_validity(1003): I2S buffer length at most 1024 and more than 8[0m
[0;31mE (2492) i2s(legacy): i2s_driver_install(1653): I2S configuration is invalid[0m
Guru Meditation Error: Core  0 panic'ed (LoadProhibited). Exception was unhandled.

Core  0 register dump:
PC      : 0x4201db25  PS      : 0x00060530  A0      : 0x8200b61f  A1      : 0x3fca97a0  
A2      : 0x00000000  A3      : 0x3fca980c  A4      : 0x00000000  A5      : 0x00000000  
A6      : 0x3c0f5178  A7      : 0x00000000  A8      : 0x00000000  A9      : 0xfffffc3f  
A10     : 0x00000012  A11     : 0x00000001  A12     : 0x00000000  A13     : 0xffff0000  
A14     : 0x3c0ca310  A15     : 0x3c0ea334  SAR     : 0x00000010  EXCCAUSE: 0x0000001c  
EXCVADDR: 0x0000003c  LBEG    : 0x400556d5  LEND    : 0x400556e5  LCOUNT  : 0xfffffffb  


Backtrace: 0x4201db22:0x3fca97a0 0x4200b61c:0x3fca97d0 0x4200b84d:0x3fca9840 0x420b0ff3:0x3fca9880 0x4037e82d:0x3fca98b0




ELF file SHA256: 78f31fc7b

Rebooting...
���ESP-ROM:esp32s3-20210327
Build:Mar 27 2021
rst:0xc (RTC_SW_CPU_RST),boot:0x29 (SPI_FAST_FLASH_BOOT)
Saved PC:0x40375ba8
SPIWP:0xee
mode:DIO, clock div:1
load:0x3fce2810,len:0x178c
load:0x403c8700,len:0x4
load:0x403c8704,len:0xcb8
load:0x403cb700,len:0x2db0
entry 0x403c8914
[0;32mI (31) boot: ESP-IDF v5.3.1-dirty 2nd stage bootloader[0m
[0;32mI (31) boot: compile time May 14 2025 17:20:53[0m
[0;32mI (31) boot: Multicore bootloader[0m
[0;32mI (35) boot: chip revision: v0.2[0m
[0;32mI (39) boot.esp32s3: Boot SPI Speed : 80MHz[0m
[0;32mI (44) boot.esp32s3: SPI Mode       : DIO[0m
[0;32mI (48) boot.esp32s3: SPI Flash Size : 16MB[0m
[0;32mI (53) boot: Enabling RNG early entropy source...[0m
[0;32mI (58) boot: Partition Table:[0m
[0;32mI (62) boot: ## Label            Usage          Type ST Offset   Length[0m
[0;32mI (69) boot:  0 nvs              WiFi data        01 02 00009000 00006000[0m
[0;32mI (77) boot:  1 phy_init         RF data          01 01 0000f000 00001000[0m
[0;32mI (84) boot:  2 factory          factory app      00 00 00010000 00177000[0m
[0;32mI (92) boot: End of partition table[0m
[0;32mI (96) esp_image: segment 0: paddr=00010020 vaddr=3c0c0020 size=3bdd0h (245200) map[0m
[0;32mI (148) esp_image: segment 1: paddr=0004bdf8 vaddr=3fc9b700 size=04220h ( 16928) load[0m
[0;32mI (152) esp_image: segment 2: paddr=00050020 vaddr=42000020 size=b1f00h (728832) map[0m
[0;32mI (285) esp_image: segment 3: paddr=00101f28 vaddr=3fc9f920 size=008dch (  2268) load[0m
[0;32mI (286) esp_image: segment 4: paddr=0010280c vaddr=40374000 size=17688h ( 95880) load[0m
[0;32mI (321) boot: Loaded app from partition at offset 0x10000[0m
[0;32mI (321) boot: Disabling RNG early entropy source...[0m
[0;32mI (333) cpu_start: Multicore app[0m
[0;32mI (342) cpu_start: Pro cpu start user code[0m
[0;32mI (342) cpu_start: cpu freq: 160000000 Hz[0m
[0;32mI (342) app_init: Application information:[0m
[0;32mI (345) app_init: Project name:     main[0m
[0;32mI (350) app_init: App version:      1[0m
[0;32mI (354) app_init: Compile time:     May 14 2025 17:20:12[0m
[0;32mI (360) app_init: ELF file SHA256:  78f31fc7b...[0m
[0;32mI (365) app_init: ESP-IDF:          v5.3.1-dirty[0m
[0;32mI (371) efuse_init: Min chip rev:     v0.0[0m
[0;32mI (376) efuse_init: Max chip rev:     v0.99 [0m
[0;32mI (380) efuse_init: Chip rev:         v0.2[0m
[0;32mI (385) heap_init: Initializing. RAM available for dynamic allocation:[0m
[0;32mI (393) heap_init: At 3FCA4918 len 00044DF8 (275 KiB): RAM[0m
[0;32mI (399) heap_init: At 3FCE9710 len 00005724 (21 KiB): RAM[0m
[0;32mI (405) heap_init: At 3FCF0000 len 00008000 (32 KiB): DRAM[0m
[0;32mI (411) heap_init: At 600FE100 len 00001EE8 (7 KiB): RTCRAM[0m
[0;32mI (418) spi_flash: detected chip: boya[0m
[0;32mI (422) spi_flash: flash io: dio[0m
[0;33mW (426) i2s(legacy): legacy i2s driver is deprecated, please migrate to use driver/i2s_std.h, driver/i2s_pdm.h or driver/i2s_tdm.h[0m
[0;32mI (438) sleep: Configure to isolate all GPIO pins in sleep state[0m
[0;32mI (445) sleep: Enable automatic switching of GPIO sleep configuration[0m
[0;32mI (452) main_task: Started on CPU0[0m
[0;32mI (472) main_task: Calling app_main()[0m
[0;32mI (2482) gpio: GPIO[3]| InputEn: 1| OutputEn: 0| OpenDrain: 0| Pullup: 1| Pulldown: 0| Intr:0 [0m
[0;31mE (2482) i2s(legacy): i2s_check_cfg_validity(1003): I2S buffer length at most 1024 and more than 8[0m
[0;31mE (2492) i2s(legacy): i2s_driver_install(1653): I2S configuration is invalid[0m
Guru Meditation Error: Core  0 panic'ed (LoadProhibited). Exception was unhandled.

Core  0 register dump:
PC      : 0x4201db25  PS      : 0x00060530  A0      : 0x8200b61f  A1      : 0x3fca97a0  
A2      : 0x00000000  A3      : 0x3fca980c  A4      : 0x00000000  A5      : 0x00000000  
A6      : 0x3c0f5178  A7      : 0x00000000  A8      : 0x00000000  A9      : 0xfffffc3f  
A10     : 0x00000012  A11     : 0x00000001  A12     : 0x00000000  A13     : 0xffff0000  
A14     : 0x3c0ca310  A15     : 0x3c0ea334  SAR     : 0x00000010  EXCCAUSE: 0x0000001c  
EXCVADDR: 0x0000003c  LBEG    : 0x400556d5  LEND    : 0x400556e5  LCOUNT  : 0xfffffffb  


Backtrace: 0x4201db22:0x3fca97a0 0x4200b61c:0x3fca97d0 0x4200b84d:0x3fca9840 0x420b0ff3:0x3fca9880 0x4037e82d:0x3fca98b0




ELF file SHA256: 78f31fc7b

Rebooting...
���ESP-ROM:esp32s3-20210327
Build:Mar 27 2021
rst:0xc (RTC_SW_CPU_RST),boot:0x29 (SPI_FAST_FLASH_BOOT)
Saved PC:0x40375ba8
SPIWP:0xee
mode:DIO, clock div:1
load:0x3fce2810,len:0x178c
load:0x403c8700,len:0x4
load:0x403c8704,len:0xcb8
load:0x403cb700,len:0x2db0
entry 0x403c8914
[0;32mI (31) boot: ESP-IDF v5.3.1-dirty 2nd stage bootloader[0m
[0;32mI (31) boot: compile time May 14 2025 17:20:53[0m
[0;32mI (31) boot: Multicore bootloader[0m
[0;32mI (35) boot: chip revision: v0.2[0m
[0;32mI (39) boot.esp32s3: Boot SPI Speed : 80MHz[0m
[0;32mI (44) boot.esp32s3: SPI Mode       : DIO[0m
[0;32mI (48) boot.esp32s3: SPI Flash Size : 16MB[0m
[0;32mI (53) boot: Enabling RNG early entropy source...[0m
[0;32mI (58) boot: Partition Table:[0m
[0;32mI (62) boot: ## Label            Usage          Type ST Offset   Length[0m
[0;32mI (69) boot:  0 nvs              WiFi data        01 02 00009000 00006000[0m
[0;32mI (77) boot:  1 phy_init         RF data          01 01 0000f000 00001000[0m
[0;32mI (84) boot:  2 factory          factory app      00 00 00010000 00177000[0m
[0;32mI (92) boot: End of partition table[0m
[0;32mI (96) esp_image: segment 0: paddr=00010020 vaddr=3c0c0020 size=3bdd0h (245200) map[0m
[0;32mI (148) esp_image: segment 1: paddr=0004bdf8 vaddr=3fc9b700 size=04220h ( 16928) load[0m
[0;32mI (152) esp_image: segment 2: paddr=00050020 vaddr=42000020 size=b1f00h (728832) map[0m
[0;32mI (285) esp_image: segment 3: paddr=00101f28 vaddr=3fc9f920 size=008dch (  2268) load[0m
[0;32mI (286) esp_image: segment 4: paddr=0010280c vaddr=40374000 size=17688h ( 95880) load[0m
[0;32mI (321) boot: Loaded app from partition at offset 0x10000[0m
[0;32mI (321) boot: Disabling RNG early entropy source...[0m
[0;32mI (333) cpu_start: Multicore app[0m
[0;32mI (342) cpu_start: Pro cpu start user code[0m
[0;32mI (342) cpu_start: cpu freq: 160000000 Hz[0m
[0;32mI (342) app_init: Application information:[0m
[0;32mI (345) app_init: Project name:     main[0m
[0;32mI (350) app_init: App version:      1[0m
[0;32mI (354) app_init: Compile time:     May 14 2025 17:20:12[0m
[0;32mI (360) app_init: ELF file SHA256:  78f31fc7b...[0m
[0;32mI (365) app_init: ESP-IDF:          v5.3.1-dirty[0m
[0;32mI (371) efuse_init: Min chip rev:     v0.0[0m
[0;32mI (376) efuse_init: Max chip rev:     v0.99 [0m
[0;32mI (380) efuse_init: Chip rev:         v0.2[0m
[0;32mI (385) heap_init: Initializing. RAM available for dynamic allocation:[0m
[0;32mI (393) heap_init: At 3FCA4918 len 00044DF8 (275 KiB): RAM[0m
[0;32mI (399) heap_init: At 3FCE9710 len 00005724 (21 KiB): RAM[0m
[0;32mI (405) heap_init: At 3FCF0000 len 00008000 (32 KiB): DRAM[0m
[0;32mI (411) heap_init: At 600FE100 len 00001EE8 (7 KiB): RTCRAM[0m
[0;32mI (418) spi_flash: detected chip: boya[0m
[0;32mI (422) spi_flash: flash io: dio[0m
[0;33mW (426) i2s(legacy): legacy i2s driver is deprecated, please migrate to use driver/i2s_std.h, driver/i2s_pdm.h or driver/i2s_tdm.h[0m
[0;32mI (438) sleep: Configure to isolate all GPIO pins in sleep state[0m
[0;32mI (445) sleep: Enable automatic switching of GPIO sleep configuration[0m
[0;32mI (452) main_task: Started on CPU0[0m
[0;32mI (472) main_task: Calling app_main()[0m
[0;32mI (2482) gpio: GPIO[3]| InputEn: 1| OutputEn: 0| OpenDrain: 0| Pullup: 1| Pulldown: 0| Intr:0 [0m
[0;31mE (2482) i2s(legacy): i2s_check_cfg_validity(1003): I2S buffer length at most 1024 and more than 8[0m
[0;31mE (2492) i2s(legacy): i2s_driver_install(1653): I2S configuration is invalid[0m
Guru Meditation Error: Core  0 panic'ed (LoadProhibited). Exception was unhandled.

Core  0 register dump:
PC      : 0x4201db25  PS      : 0x00060530  A0      : 0x8200b61f  A1      : 0x3fca97a0  
A2      : 0x00000000  A3      : 0x3fca980c  A4      : 0x00000000  A5      : 0x00000000  
A6      : 0x3c0f5178  A7      : 0x00000000  A8      : 0x00000000  A9      : 0xfffffc3f  
A10     : 0x00000012  A11     : 0x00000001  A12     : 0x00000000  A13     : 0xffff0000  
A14     : 0x3c0ca310  A15     : 0x3c0ea334  SAR     : 0x00000010  EXCCAUSE: 0x0000001c  
EXCVADDR: 0x0000003c  LBEG    : 0x400556d5  LEND    : 0x400556e5  LCOUNT  : 0xfffffffb  


Backtrace: 0x4201db22:0x3fca97a0 0x4200b61c:0x3fca97d0 0x4200b84d:0x3fca9840 0x420b0ff3:0x3fca9880 0x4037e82d:0x3fca98b0




ELF file SHA256: 78f31fc7b

Rebooting...
���ESP-ROM:esp32s3-20210327
Build:Mar 27 2021
rst:0xc (RTC_SW_CPU_RST),boot:0x29 (SPI_FAST_FLASH_BOOT)
Saved PC:0x40375ba8
SPIWP:0xee
mode:DIO, clock div:1
load:0x3fce2810,len:0x178c
load:0x403c8700,len:0x4
load:0x403c8704,len:0xcb8
load:0x403cb700,len:0x2db0
entry 0x403c8914
[0;32mI (31) boot: ESP-IDF v5.3.1-dirty 2nd stage bootloader[0m
[0;32mI (31) boot: compile time May 14 2025 17:20:53[0m
[0;32mI (31) boot: Multicore bootloader[0m
[0;32mI (35) boot: chip revision: v0.2[0m
[0;32mI (39) boot.esp32s3: Boot SPI Speed : 80MHz[0m
[0;32mI (44) boot.esp32s3: SPI Mode       : DIO[0m
[0;32mI (48) boot.esp32s3: SPI Flash Size : 16MB[0m
[0;32mI (53) boot: Enabling RNG early entropy source...[0m
[0;32mI (58) boot: Partition Table:[0m
[0;32mI (62) boot: ## Label            Usage          Type ST Offset   Length[0m
[0;32mI (69) boot:  0 nvs              WiFi data        01 02 00009000 00006000[0m
[0;32mI (77) boot:  1 phy_init         RF data          01 01 0000f000 00001000[0m
[0;32mI (84) boot:  2 factory          factory app      00 00 00010000 00177000[0m
[0;32mI (92) boot: End of partition table[0m
[0;32mI (96) esp_image: segment 0: paddr=00010020 vaddr=3c0c0020 size=3bdd0h (245200) map[0m
[0;32mI (148) esp_image: segment 1: paddr=0004bdf8 vaddr=3fc9b700 size=04220h ( 16928) load[0m
[0;32mI (152) esp_image: segment 2: paddr=00050020 vaddr=42000020 size=b1f00h (728832) map[0m
[0;32mI (285) esp_image: segment 3: paddr=00101f28 vaddr=3fc9f920 size=008dch (  2268) load[0m
[0;32mI (286) esp_image: segment 4: paddr=0010280c vaddr=40374000 size=17688h ( 95880) load[0m
[0;32mI (321) boot: Loaded app from partition at offset 0x10000[0m
[0;32mI (321) boot: Disabling RNG early entropy source...[0m
[0;32mI (333) cpu_start: Multicore app[0m
[0;32mI (342) cpu_start: Pro cpu start user code[0m
[0;32mI (342) cpu_start: cpu freq: 160000000 Hz[0m
[0;32mI (342) app_init: Application information:[0m
[0;32mI (345) app_init: Project name:     main[0m
[0;32mI (350) app_init: App version:      1[0m
[0;32mI (354) app_init: Compile time:     May 14 2025 17:20:12[0m
[0;32mI (360) app_init: ELF file SHA256:  78f31fc7b...[0m
[0;32mI (365) app_init: ESP-IDF:          v5.3.1-dirty[0m
[0;32mI (371) efuse_init: Min chip rev:     v0.0[0m
[0;32mI (376) efuse_init: Max chip rev:     v0.99 [0m
[0;32mI (380) efuse_init: Chip rev:         v0.2[0m
[0;32mI (385) heap_init: Initializing. RAM available for dynamic allocation:[0m
[0;32mI (393) heap_init: At 3FCA4918 len 00044DF8 (275 KiB): RAM[0m
[0;32mI (399) heap_init: At 3FCE9710 len 00005724 (21 KiB): RAM[0m
[0;32mI (405) heap_init: At 3FCF0000 len 00008000 (32 KiB): DRAM[0m
[0;32mI (411) heap_init: At 600FE100 len 00001EE8 (7 KiB): RTCRAM[0m
[0;32mI (418) spi_flash: detected chip: boya[0m
[0;32mI (422) spi_flash: flash io: dio[0m
[0;33mW (426) i2s(legacy): legacy i2s driver is deprecated, please migrate to use driver/i2s_std.h, driver/i2s_pdm.h or driver/i2s_tdm.h[0m
[0;32mI (438) sleep: Configure to isolate all GPIO pins in sleep state[0m
[0;32mI (445) sleep: Enable automatic switching of GPIO sleep configuration[0m
[0;32mI (452) main_task: Started on CPU0[0m
[0;32mI (472) main_task: Calling app_main()[0m
[0;32mI (2482) gpio: GPIO[3]| InputEn: 1| OutputEn: 0| OpenDrain: 0| Pullup: 1| Pulldown: 0| Intr:0 [0m
[0;31mE (2482) i2s(legacy): i2s_check_cfg_validity(1003): I2S buffer length at most 1024 and more than 8[0m
[0;31mE (2492) i2s(legacy): i2s_driver_install(1653): I2S configuration is invalid[0m
Guru Meditation Error: Core  0 panic'ed (LoadProhibited). Exception was unhandled.

Core  0 register dump:
PC      : 0x4201db25  PS      : 0x00060530  A0      : 0x8200b61f  A1      : 0x3fca97a0  
A2      : 0x00000000  A3      : 0x3fca980c  A4      : 0x00000000  A5      : 0x00000000  
A6      : 0x3c0f5178  A7      : 0x00000000  A8      : 0x00000000  A9      : 0xfffffc3f  
A10     : 0x00000012  A11     : 0x00000001  A12     : 0x00000000  A13     : 0xffff0000  
A14     : 0x3c0ca310  A15     : 0x3c0ea334  SAR     : 0x00000010  EXCCAUSE: 0x0000001c  
EXCVADDR: 0x0000003c  LBEG    : 0x400556d5  LEND    : 0x400556e5  LCOUNT  : 0xfffffffb  


Backtrace: 0x4201db22:0x3fca97a0 0x4200b61c:0x3fca97d0 0x4200b84d:0x3fca9840 0x420b0ff3:0x3fca9880 0x4037e82d:0x3fca98b0




ELF file SHA256: 78f31fc7b

Rebooting...
���ESP-ROM:esp32s3-20210327
Build:Mar 27 2021
rst:0xc (RTC_SW_CPU_RST),boot:0x29 (SPI_FAST_FLASH_BOOT)
Saved PC:0x40375ba8
SPIWP:0xee
mode:DIO, clock div:1
load:0x3fce2810,len:0x178c
load:0x403c8700,len:0x4
load:0x403c8704,len:0xcb8
load:0x403cb700,len:0x2db0
entry 0x403c8914
[0;32mI (31) boot: ESP-IDF v5.3.1-dirty 2nd stage bootloader[0m
[0;32mI (31) boot: compile time May 14 2025 17:20:53[0m
[0;32mI (31) boot: Multicore bootloader[0m
[0;32mI (35) boot: chip revision: v0.2[0m
[0;32mI (39) boot.esp32s3: Boot SPI Speed : 80MHz[0m
[0;32mI (44) boot.esp32s3: SPI Mode       : DIO[0m
[0;32mI (48) boot.esp32s3: SPI Flash Size : 16MB[0m
[0;32mI (53) boot: Enabling RNG early entropy source...[0m
[0;32mI (58) boot: Partition Table:[0m
[0;32mI (62) boot: ## Label            Usage          Type ST Offset   Length[0m
[0;32mI (69) boot:  0 nvs              WiFi data        01 02 00009000 00006000[0m
[0;32mI (77) boot:  1 phy_init         RF data          01 01 0000f000 00001000[0m
[0;32mI (84) boot:  2 factory          factory app      00 00 00010000 00177000[0m
[0;32mI (92) boot: End of partition table[0m
[0;32mI (96) esp_image: segment 0: paddr=00010020 vaddr=3c0c0020 size=3bdd0h (245200) map[0m
[0;32mI (148) esp_image: segment 1: paddr=0004bdf8 vaddr=3fc9b700 size=04220h ( 16928) load[0m
[0;32mI (152) esp_image: segment 2: paddr=00050020 vaddr=42000020 size=b1f00h (728832) map[0m
[0;32mI (285) esp_image: segment 3: paddr=00101f28 vaddr=3fc9f920 size=008dch (  2268) load[0m
[0;32mI (286) esp_image: segment 4: paddr=0010280c vaddr=40374000 size=17688h ( 95880) load[0m
[0;32mI (321) boot: Loaded app from partition at offset 0x10000[0m
[0;32mI (321) boot: Disabling RNG early entropy source...[0m
[0;32mI (333) cpu_start: Multicore app[0m
[0;32mI (342) cpu_start: Pro cpu start user code[0m
[0;32mI (342) cpu_start: cpu freq: 160000000 Hz[0m
[0;32mI (342) app_init: Application information:[0m
[0;32mI (345) app_init: Project name:     main[0m
[0;32mI (350) app_init: App version:      1[0m
[0;32mI (354) app_init: Compile time:     May 14 2025 17:20:12[0m
[0;32mI (360) app_init: ELF file SHA256:  78f31fc7b...[0m
[0;32mI (365) app_init: ESP-IDF:          v5.3.1-dirty[0m
[0;32mI (371) efuse_init: Min chip rev:     v0.0[0m
[0;32mI (376) efuse_init: Max chip rev:     v0.99 [0m
[0;32mI (380) efuse_init: Chip rev:         v0.2[0m
[0;32mI (385) heap_init: Initializing. RAM available for dynamic allocation:[0m
[0;32mI (393) heap_init: At 3FCA4918 len 00044DF8 (275 KiB): RAM[0m
[0;32mI (399) heap_init: At 3FCE9710 len 00005724 (21 KiB): RAM[0m
[0;32mI (405) heap_init: At 3FCF0000 len 00008000 (32 KiB): DRAM[0m
[0;32mI (411) heap_init: At 600FE100 len 00001EE8 (7 KiB): RTCRAM[0m
[0;32mI (418) spi_flash: detected chip: boya[0m
[0;32mI (422) spi_flash: flash io: dio[0m
[0;33mW (426) i2s(legacy): legacy i2s driver is deprecated, please migrate to use driver/i2s_std.h, driver/i2s_pdm.h or driver/i2s_tdm.h[0m
[0;32mI (438) sleep: Configure to isolate all GPIO pins in sleep state[0m
[0;32mI (445) sleep: Enable automatic switching of GPIO sleep configuration[0m
[0;32mI (452) main_task: Started on CPU0[0m
[0;32mI (472) main_task: Calling app_main()[0m
[0;32mI (2482) gpio: GPIO[3]| InputEn: 1| OutputEn: 0| OpenDrain: 0| Pullup: 1| Pulldown: 0| Intr:0 [0m
[0;31mE (2482) i2s(legacy): i2s_check_cfg_validity(1003): I2S buffer length at most 1024 and more than 8[0m
[0;31mE (2492) i2s(legacy): i2s_driver_install(1653): I2S configuration is invalid[0m
Guru Meditation Error: Core  0 panic'ed (LoadProhibited). Exception was unhandled.

Core  0 register dump:
PC      : 0x4201db25  PS      : 0x00060530  A0      : 0x8200b61f  A1      : 0x3fca97a0  
A2      : 0x00000000  A3      : 0x3fca980c  A4      : 0x00000000  A5      : 0x00000000  
A6      : 0x3c0f5178  A7      : 0x00000000  A8      : 0x00000000  A9      : 0xfffffc3f  
A10     : 0x00000012  A11     : 0x00000001  A12     : 0x00000000  A13     : 0xffff0000  
A14     : 0x3c0ca310  A15     : 0x3c0ea334  SAR     : 0x00000010  EXCCAUSE: 0x0000001c  
EXCVADDR: 0x0000003c  LBEG    : 0x400556d5  LEND    : 0x400556e5  LCOUNT  : 0xfffffffb  


Backtrace: 0x4201db22:0x3fca97a0 0x4200b61c:0x3fca97d0 0x4200b84d:0x3fca9840 0x420b0ff3:0x3fca9880 0x4037e82d:0x3fca98b0




ELF file SHA256: 78f31fc7b

Rebooting...
���ESP-ROM:esp32s3-20210327
Build:Mar 27 2021
rst:0xc (RTC_SW_CPU_RST),boot:0x29 (SPI_FAST_FLASH_BOOT)
Saved PC:0x40375ba8
SPIWP:0xee
mode:DIO, clock div:1
load:0x3fce2810,len:0x178c
load:0x403c8700,len:0x4
load:0x403c8704,len:0xcb8
load:0x403cb700,len:0x2db0
entry 0x403c8914
[0;32mI (31) boot: ESP-IDF v5.3.1-dirty 2nd stage bootloader[0m
[0;32mI (31) boot: compile time May 14 2025 17:20:53[0m
[0;32mI (31) boot: Multicore bootloader[0m
[0;32mI (35) boot: chip revision: v0.2[0m
[0;32mI (39) boot.esp32s3: Boot SPI Speed : 80MHz[0m
[0;32mI (44) boot.esp32s3: SPI Mode       : DIO[0m
[0;32mI (48) boot.esp32s3: SPI Flash Size : 16MB[0m
[0;32mI (53) boot: Enabling RNG early entropy source...[0m
[0;32mI (58) boot: Partition Table:[0m
[0;32mI (62) boot: ## Label            Usage          Type ST Offset   Length[0m
[0;32mI (69) boot:  0 nvs              WiFi data        01 02 00009000 00006000[0m
[0;32mI (77) boot:  1 phy_init         RF data          01 01 0000f000 00001000[0m
[0;32mI (84) boot:  2 factory          factory app      00 00 00010000 00177000[0m
[0;32mI (92) boot: End of partition table[0m
[0;32mI (96) esp_image: segment 0: paddr=00010020 vaddr=3c0c0020 size=3bdd0h (245200) map[0m
[0;32mI (148) esp_image: segment 1: paddr=0004bdf8 vaddr=3fc9b700 size=04220h ( 16928) load[0m
[0;32mI (152) esp_image: segment 2: paddr=00050020 vaddr=42000020 size=b1f00h (728832) map[0m
[0;32mI (285) esp_image: segment 3: paddr=00101f28 vaddr=3fc9f920 size=008dch (  2268) load[0m
[0;32mI (286) esp_image: segment 4: paddr=0010280c vaddr=40374000 size=17688h ( 95880) load[0m
[0;32mI (321) boot: Loaded app from partition at offset 0x10000[0m
[0;32mI (321) boot: Disabling RNG early entropy source...[0m
[0;32mI (333) cpu_start: Multicore app[0m
[0;32mI (342) cpu_start: Pro cpu start user code[0m
[0;32mI (342) cpu_start: cpu freq: 160000000 Hz[0m
[0;32mI (342) app_init: Application information:[0m
[0;32mI (345) app_init: Project name:     main[0m
[0;32mI (350) app_init: App version:      1[0m
[0;32mI (354) app_init: Compile time:     May 14 2025 17:20:12[0m
[0;32mI (360) app_init: ELF file SHA256:  78f31fc7b...[0m
[0;32mI (365) app_init: ESP-IDF:          v5.3.1-dirty[0m
[0;32mI (371) efuse_init: Min chip rev:     v0.0[0m
[0;32mI (376) efuse_init: Max chip rev:     v0.99 [0m
[0;32mI (380) efuse_init: Chip rev:         v0.2[0m
[0;32mI (385) heap_init: Initializing. RAM available for dynamic allocation:[0m
[0;32mI (393) heap_init: At 3FCA4918 len 00044DF8 (275 KiB): RAM[0m
[0;32mI (399) heap_init: At 3FCE9710 len 00005724 (21 KiB): RAM[0m
[0;32mI (405) heap_init: At 3FCF0000 len 00008000 (32 KiB): DRAM[0m
[0;32mI (411) heap_init: At 600FE100 len 00001EE8 (7 KiB): RTCRAM[0m
[0;32mI (418) spi_flash: detected chip: boya[0m
[0;32mI (422) spi_flash: flash io: dio[0m
[0;33mW (426) i2s(legacy): legacy i2s driver is deprecated, please migrate to use driver/i2s_std.h, driver/i2s_pdm.h or driver/i2s_tdm.h[0m
[0;32mI (438) sleep: Configure to isolate all GPIO pins in sleep state[0m
[0;32mI (445) sleep: Enable automatic switching of GPIO sleep configuration[0m
[0;32mI (452) main_task: Started on CPU0[0m
[0;32mI (472) main_task: Calling app_main()[0m
[0;32mI (2482) gpio: GPIO[3]| InputEn: 1| OutputEn: 0| OpenDrain: 0| Pullup: 1| Pulldown: 0| Intr:0 [0m
[0;31mE (2482) i2s(legacy): i2s_check_cfg_validity(1003): I2S buffer length at most 1024 and more than 8[0m
[0;31mE (2492) i2s(legacy): i2s_driver_install(1653): I2S configuration is invalid[0m
Guru Meditation Error: Core  0 panic'ed (LoadProhibited). Exception was unhandled.

Core  0 register dump:
PC      : 0x4201db25  PS      : 0x00060530  A0      : 0x8200b61f  A1      : 0x3fca97a0  
A2      : 0x00000000  A3      : 0x3fca980c  A4      : 0x00000000  A5      : 0x00000000  
A6      : 0x3c0f5178  A7      : 0x00000000  A8      : 0x00000000  A9      : 0xfffffc3f  
A10     : 0x00000012  A11     : 0x00000001  A12     : 0x00000000  A13     : 0xffff0000  
A14     : 0x3c0ca310  A15     : 0x3c0ea334  SAR     : 0x00000010  EXCCAUSE: 0x0000001c  
EXCVADDR: 0x0000003c  LBEG    : 0x400556d5  LEND    : 0x400556e5  LCOUNT  : 0xfffffffb  


Backtrace: 0x4201db22:0x3fca97a0 0x4200b61c:0x3fca97d0 0x4200b84d:0x3fca9840 0x420b0ff3:0x3fca9880 0x4037e82d:0x3fca98b0




ELF file SHA256: 78f31fc7b

Rebooting...
���ESP-ROM:esp32s3-20210327
Build:Mar 27 2021
rst:0xc (RTC_SW_CPU_RST),boot:0x29 (SPI_FAST_FLASH_BOOT)
Saved PC:0x40375ba8
SPIWP:0xee
mode:DIO, clock div:1
load:0x3fce2810,len:0x178c
load:0x403c8700,len:0x4
load:0x403c8704,len:0xcb8
load:0x403cb700,len:0x2db0
entry 0x403c8914
[0;32mI (31) boot: ESP-IDF v5.3.1-dirty 2nd stage bootloader[0m
[0;32mI (31) boot: compile time May 14 2025 17:20:53[0m
[0;32mI (31) boot: Multicore bootloader[0m
[0;32mI (35) boot: chip revision: v0.2[0m
[0;32mI (39) boot.esp32s3: Boot SPI Speed : 80MHz[0m
[0;32mI (44) boot.esp32s3: SPI Mode       : DIO[0m
[0;32mI (48) boot.esp32s3: SPI Flash Size : 16MB[0m
[0;32mI (53) boot: Enabling RNG early entropy source...[0m
[0;32mI (58) boot: Partition Table:[0m
[0;32mI (62) boot: ## Label            Usage          Type ST Offset   Length[0m
[0;32mI (69) boot:  0 nvs              WiFi data        01 02 00009000 00006000[0m
[0;32mI (77) boot:  1 phy_init         RF data          01 01 0000f000 00001000[0m
[0;32mI (84) boot:  2 factory          factory app      00 00 00010000 00177000[0m
[0;32mI (92) boot: End of partition table[0m
[0;32mI (96) esp_image: segment 0: paddr=00010020 vaddr=3c0c0020 size=3bdd0h (245200) map[0m
[0;32mI (148) esp_image: segment 1: paddr=0004bdf8 vaddr=3fc9b700 size=04220h ( 16928) load[0m
[0;32mI (152) esp_image: segment 2: paddr=00050020 vaddr=42000020 size=b1f00h (728832) map[0m
[0;32mI (285) esp_image: segment 3: paddr=00101f28 vaddr=3fc9f920 size=008dch (  2268) load[0m
[0;32mI (286) esp_image: segment 4: paddr=0010280c vaddr=40374000 size=17688h ( 95880) load[0m
[0;32mI (321) boot: Loaded app from partition at offset 0x10000[0m
[0;32mI (321) boot: Disabling RNG early entropy source...[0m
[0;32mI (333) cpu_start: Multicore app[0m
[0;32mI (342) cpu_start: Pro cpu start user code[0m
[0;32mI (342) cpu_start: cpu freq: 160000000 Hz[0m
[0;32mI (342) app_init: Application information:[0m
[0;32mI (345) app_init: Project name:     main[0m
[0;32mI (350) app_init: App version:      1[0m
[0;32mI (354) app_init: Compile time:     May 14 2025 17:20:12[0m
[0;32mI (360) app_init: ELF file SHA256:  78f31fc7b...[0m
[0;32mI (365) app_init: ESP-IDF:          v5.3.1-dirty[0m
[0;32mI (371) efuse_init: Min chip rev:     v0.0[0m
[0;32mI (376) efuse_init: Max chip rev:     v0.99 [0m
[0;32mI (380) efuse_init: Chip rev:         v0.2[0m
[0;32mI (385) heap_init: Initializing. RAM available for dynamic allocation:[0m
[0;32mI (393) heap_init: At 3FCA4918 len 00044DF8 (275 KiB): RAM[0m
[0;32mI (399) heap_init: At 3FCE9710 len 00005724 (21 KiB): RAM[0m
[0;32mI (405) heap_init: At 3FCF0000 len 00008000 (32 KiB): DRAM[0m
[0;32mI (411) heap_init: At 600FE100 len 00001EE8 (7 KiB): RTCRAM[0m
[0;32mI (418) spi_flash: detected chip: boya[0m
[0;32mI (422) spi_flash: flash io: dio[0m
[0;33mW (426) i2s(legacy): legacy i2s driver is deprecated, please migrate to use driver/i2s_std.h, driver/i2s_pdm.h or driver/i2s_tdm.h[0m
[0;32mI (438) sleep: Configure to isolate all GPIO pins in sleep state[0m
[0;32mI (445) sleep: Enable automatic switching of GPIO sleep configuration[0m
[0;32mI (452) main_task: Started on CPU0[0m
[0;32mI (472) main_task: Calling app_main()[0m
[0;32mI (2482) gpio: GPIO[3]| InputEn: 1| OutputEn: 0| OpenDrain: 0| Pullup: 1| Pulldown: 0| Intr:0 [0m
[0;31mE (2482) i2s(legacy): i2s_check_cfg_validity(1003): I2S buffer length at most 1024 and more than 8[0m
[0;31mE (2492) i2s(legacy): i2s_driver_install(1653): I2S configuration is invalid[0m
Guru Meditation Error: Core  0 panic'ed (LoadProhibited). Exception was unhandled.

Core  0 register dump:
PC      : 0x4201db25  PS      : 0x00060530  A0      : 0x8200b61f  A1      : 0x3fca97a0  
A2      : 0x00000000  A3      : 0x3fca980c  A4      : 0x00000000  A5      : 0x00000000  
A6      : 0x3c0f5178  A7      : 0x00000000  A8      : 0x00000000  A9      : 0xfffffc3f  
A10     : 0x00000012  A11     : 0x00000001  A12     : 0x00000000  A13     : 0xffff0000  
A14     : 0x3c0ca310  A15     : 0x3c0ea334  SAR     : 0x00000010  EXCCAUSE: 0x0000001c  
EXCVADDR: 0x0000003c  LBEG    : 0x400556d5  LEND    : 0x400556e5  LCOUNT  : 0xfffffffb  


Backtrace: 0x4201db22:0x3fca97a0 0x4200b61c:0x3fca97d0 0x4200b84d:0x3fca9840 0x420b0ff3:0x3fca9880 0x4037e82d:0x3fca98b0




ELF file SHA256: 78f31fc7b

Rebooting...
���ESP-ROM:esp32s3-20210327
Build:Mar 27 2021
rst:0xc (RTC_SW_CPU_RST),boot:0x29 (SPI_FAST_FLASH_BOOT)
Saved PC:0x40375ba8
SPIWP:0xee
mode:DIO, clock div:1
load:0x3fce2810,len:0x178c
load:0x403c8700,len:0x4
load:0x403c8704,len:0xcb8
load:0x403cb700,len:0x2db0
entry 0x403c8914
[0;32mI (31) boot: ESP-IDF v5.3.1-dirty 2nd stage bootloader[0m
[0;32mI (31) boot: compile time May 14 2025 17:20:53[0m
[0;32mI (31) boot: Multicore bootloader[0m
[0;32mI (35) boot: chip revision: v0.2[0m
[0;32mI (39) boot.esp32s3: Boot SPI Speed : 80MHz[0m
[0;32mI (44) boot.esp32s3: SPI Mode       : DIO[0m
[0;32mI (48) boot.esp32s3: SPI Flash Size : 16MB[0m
[0;32mI (53) boot: Enabling RNG early entropy source...[0m
[0;32mI (58) boot: Partition Table:[0m
[0;32mI (62) boot: ## Label            Usage          Type ST Offset   Length[0m
[0;32mI (69) boot:  0 nvs              WiFi data        01 02 00009000 00006000[0m
[0;32mI (77) boot:  1 phy_init         RF data          01 01 0000f000 00001000[0m
[0;32mI (84) boot:  2 factory          factory app      00 00 00010000 00177000[0m
[0;32mI (92) boot: End of partition table[0m
[0;32mI (96) esp_image: segment 0: paddr=00010020 vaddr=3c0c0020 size=3bdd0h (245200) map[0m
[0;32mI (148) esp_image: segment 1: paddr=0004bdf8 vaddr=3fc9b700 size=04220h ( 16928) load[0m
[0;32mI (152) esp_image: segment 2: paddr=00050020 vaddr=42000020 size=b1f00h (728832) map[0m
[0;32mI (285) esp_image: segment 3: paddr=00101f28 vaddr=3fc9f920 size=008dch (  2268) load[0m
[0;32mI (286) esp_image: segment 4: paddr=0010280c vaddr=40374000 size=17688h ( 95880) load[0m
[0;32mI (321) boot: Loaded app from partition at offset 0x10000[0m
[0;32mI (321) boot: Disabling RNG early entropy source...[0m
[0;32mI (333) cpu_start: Multicore app[0m
[0;32mI (342) cpu_start: Pro cpu start user code[0m
[0;32mI (342) cpu_start: cpu freq: 160000000 Hz[0m
[0;32mI (342) app_init: Application information:[0m
[0;32mI (345) app_init: Project name:     main[0m
[0;32mI (350) app_init: App version:      1[0m
[0;32mI (354) app_init: Compile time:     May 14 2025 17:20:12[0m
[0;32mI (360) app_init: ELF file SHA256:  78f31fc7b...[0m
[0;32mI (365) app_init: ESP-IDF:          v5.3.1-dirty[0m
[0;32mI (371) efuse_init: Min chip rev:     v0.0[0m
[0;32mI (376) efuse_init: Max chip rev:     v0.99 [0m
[0;32mI (380) efuse_init: Chip rev:         v0.2[0m
[0;32mI (385) heap_init: Initializing. RAM available for dynamic allocation:[0m
[0;32mI (393) heap_init: At 3FCA4918 len 00044DF8 (275 KiB): RAM[0m
[0;32mI (399) heap_init: At 3FCE9710 len 00005724 (21 KiB): RAM[0m
[0;32mI (405) heap_init: At 3FCF0000 len 00008000 (32 KiB): DRAM[0m
[0;32mI (411) heap_init: At 600FE100 len 00001EE8 (7 KiB): RTCRAM[0m
[0;32mI (418) spi_flash: detected chip: boya[0m
[0;32mI (422) spi_flash: flash io: dio[0m
[0;33mW (426) i2s(legacy): legacy i2s driver is deprecated, please migrate to use driver/i2s_std.h, driver/i2s_pdm.h or driver/i2s_tdm.h[0m
[0;32mI (438) sleep: Configure to isolate all GPIO pins in sleep state[0m
[0;32mI (445) sleep: Enable automatic switching of GPIO sleep configuration[0m
[0;32mI (452) main_task: Started on CPU0[0m
[0;32mI (472) main_task: Calling app_main()[0m
[0;32mI (2482) gpio: GPIO[3]| InputEn: 1| OutputEn: 0| OpenDrain: 0| Pullup: 1| Pulldown: 0| Intr:0 [0m
[0;31mE (2482) i2s(legacy): i2s_check_cfg_validity(1003): I2S buffer length at most 1024 and more than 8[0m
[0;31mE (2492) i2s(legacy): i2s_driver_install(1653): I2S configuration is invalid[0m
Guru Meditation Error: Core  0 panic'ed (LoadProhibited). Exception was unhandled.

Core  0 register dump:
PC      : 0x4201db25  PS      : 0x00060530  A0      : 0x8200b61f  A1      : 0x3fca97a0  
A2      : 0x00000000  A3      : 0x3fca980c  A4      : 0x00000000  A5      : 0x00000000  
A6      : 0x3c0f5178  A7      : 0x00000000  A8      : 0x00000000  A9      : 0xfffffc3f  
A10     : 0x00000012  A11     : 0x00000001  A12     : 0x00000000  A13     : 0xffff0000  
A14     : 0x3c0ca310  A15     : 0x3c0ea334  SAR     : 0x00000010  EXCCAUSE: 0x0000001c  
EXCVADDR: 0x0000003c  LBEG    : 0x400556d5  LEND    : 0x400556e5  LCOUNT  : 0xfffffffb  


Backtrace: 0x4201db22:0x3fca97a0 0x4200b61c:0x3fca97d0 0x4200b84d:0x3fca9840 0x420b0ff3:0x3fca9880 0x4037e82d:0x3fca98b0




ELF file SHA256: 78f31fc7b

Rebooting...
���ESP-ROM:esp32s3-20210327
Build:Mar 27 2021
rst:0xc (RTC_SW_CPU_RST),boot:0x29 (SPI_FAST_FLASH_BOOT)
Saved PC:0x40375ba8
SPIWP:0xee
mode:DIO, clock div:1
load:0x3fce2810,len:0x178c
load:0x403c8700,len:0x4
load:0x403c8704,len:0xcb8
load:0x403cb700,len:0x2db0
entry 0x403c8914
[0;32mI (31) boot: ESP-IDF v5.3.1-dirty 2nd stage bootloader[0m
[0;32mI (31) boot: compile time May 14 2025 17:20:53[0m
[0;32mI (31) boot: Multicore bootloader[0m
[0;32mI (35) boot: chip revision: v0.2[0m
[0;32mI (39) boot.esp32s3: Boot SPI Speed : 80MHz[0m
[0;32mI (44) boot.esp32s3: SPI Mode       : DIO[0m
[0;32mI (48) boot.esp32s3: SPI Flash Size : 16MB[0m
[0;32mI (53) boot: Enabling RNG early entropy source...[0m
[0;32mI (58) boot: Partition Table:[0m
[0;32mI (62) boot: ## Label            Usage          Type ST Offset   Length[0m
[0;32mI (69) boot:  0 nvs              WiFi data        01 02 00009000 00006000[0m
[0;32mI (77) boot:  1 phy_init         RF data          01 01 0000f000 00001000[0m
[0;32mI (84) boot:  2 factory          factory app      00 00 00010000 00177000[0m
[0;32mI (92) boot: End of partition table[0m
[0;32mI (96) esp_image: segment 0: paddr=00010020 vaddr=3c0c0020 size=3bdd0h (245200) map[0m
[0;32mI (148) esp_image: segment 1: paddr=0004bdf8 vaddr=3fc9b700 size=04220h ( 16928) load[0m
[0;32mI (152) esp_image: segment 2: paddr=00050020 vaddr=42000020 size=b1f00h (728832) map[0m
[0;32mI (285) esp_image: segment 3: paddr=00101f28 vaddr=3fc9f920 size=008dch (  2268) load[0m
[0;32mI (286) esp_image: segment 4: paddr=0010280c vaddr=40374000 size=17688h ( 95880) load[0m
[0;32mI (321) boot: Loaded app from partition at offset 0x10000[0m
[0;32mI (321) boot: Disabling RNG early entropy source...[0m
[0;32mI (333) cpu_start: Multicore app[0m
[0;32mI (342) cpu_start: Pro cpu start user code[0m
[0;32mI (342) cpu_start: cpu freq: 160000000 Hz[0m
[0;32mI (342) app_init: Application information:[0m
[0;32mI (345) app_init: Project name:     main[0m
[0;32mI (350) app_init: App version:      1[0m
[0;32mI (354) app_init: Compile time:     May 14 2025 17:20:12[0m
[0;32mI (360) app_init: ELF file SHA256:  78f31fc7b...[0m
[0;32mI (365) app_init: ESP-IDF:          v5.3.1-dirty[0m
[0;32mI (371) efuse_init: Min chip rev:     v0.0[0m
[0;32mI (376) efuse_init: Max chip rev:     v0.99 [0m
[0;32mI (380) efuse_init: Chip rev:         v0.2[0m
[0;32mI (385) heap_init: Initializing. RAM available for dynamic allocation:[0m
[0;32mI (393) heap_init: At 3FCA4918 len 00044DF8 (275 KiB): RAM[0m
[0;32mI (399) heap_init: At 3FCE9710 len 00005724 (21 KiB): RAM[0m
[0;32mI (405) heap_init: At 3FCF0000 len 00008000 (32 KiB): DRAM[0m
[0;32mI (411) heap_init: At 600FE100 len 00001EE8 (7 KiB): RTCRAM[0m
[0;32mI (418) spi_flash: detected chip: boya[0m
[0;32mI (422) spi_flash: flash io: dio[0m
[0;33mW (426) i2s(legacy): legacy i2s driver is deprecated, please migrate to use driver/i2s_std.h, driver/i2s_pdm.h or driver/i2s_tdm.h[0m
[0;32mI (438) sleep: Configure to isolate all GPIO pins in sleep state[0m
[0;32mI (445) sleep: Enable automatic switching of GPIO sleep configuration[0m
[0;32mI (452) main_task: Started on CPU0[0m
[0;32mI (472) main_task: Calling app_main()[0m
[0;32mI (2482) gpio: GPIO[3]| InputEn: 1| OutputEn: 0| OpenDrain: 0| Pullup: 1| Pulldown: 0| Intr:0 [0m
[0;31mE (2482) i2s(legacy): i2s_check_cfg_validity(1003): I2S buffer length at most 1024 and more than 8[0m
[0;31mE (2492) i2s(legacy): i2s_driver_install(1653): I2S configuration is invalid[0m
Guru Meditation Error: Core  0 panic'ed (LoadProhibited). Exception was unhandled.

Core  0 register dump:
PC      : 0x4201db25  PS      : 0x00060530  A0      : 0x8200b61f  A1      : 0x3fca97a0  
A2      : 0x00000000  A3      : 0x3fca980c  A4      : 0x00000000  A5      : 0x00000000  
A6      : 0x3c0f5178  A7      : 0x00000000  A8      : 0x00000000  A9      : 0xfffffc3f  
A10     : 0x00000012  A11     : 0x00000001  A12     : 0x00000000  A13     : 0xffff0000  
A14     : 0x3c0ca310  A15     : 0x3c0ea334  SAR     : 0x00000010  EXCCAUSE: 0x0000001c  
EXCVADDR: 0x0000003c  LBEG    : 0x400556d5  LEND    : 0x400556e5  LCOUNT  : 0xfffffffb  


Backtrace: 0x4201db22:0x3fca97a0 0x4200b61c:0x3fca97d0 0x4200b84d:0x3fca9840 0x420b0ff3:0x3fca9880 0x4037e82d:0x3fca98b0




ELF file SHA256: 78f31fc7b

Rebooting...
���ESP-ROM:esp32s3-20210327
Build:Mar 27 2021
rst:0xc (RTC_SW_CPU_RST),boot:0x29 (SPI_FAST_FLASH_BOOT)
Saved PC:0x40375ba8
SPIWP:0xee
mode:DIO, clock div:1
load:0x3fce2810,len:0x178c
load:0x403c8700,len:0x4
load:0x403c8704,len:0xcb8
load:0x403cb700,len:0x2db0
entry 0x403c8914
[0;32mI (31) boot: ESP-IDF v5.3.1-dirty 2nd stage bootloader[0m
[0;32mI (31) boot: compile time May 14 2025 17:20:53[0m
[0;32mI (31) boot: Multicore bootloader[0m
[0;32mI (35) boot: chip revision: v0.2[0m
[0;32mI (39) boot.esp32s3: Boot SPI Speed : 80MHz[0m
[0;32mI (44) boot.esp32s3: SPI Mode       : DIO[0m
[0;32mI (48) boot.esp32s3: SPI Flash Size : 16MB[0m
[0;32mI (53) boot: Enabling RNG early entropy source...[0m
[0;32mI (58) boot: Partition Table:[0m
[0;32mI (62) boot: ## Label            Usage          Type ST Offset   Length[0m
[0;32mI (69) boot:  0 nvs              WiFi data        01 02 00009000 00006000[0m
[0;32mI (77) boot:  1 phy_init         RF data          01 01 0000f000 00001000[0m
[0;32mI (84) boot:  2 factory          factory app      00 00 00010000 00177000[0m
[0;32mI (92) boot: End of partition table[0m
[0;32mI (96) esp_image: segment 0: paddr=00010020 vaddr=3c0c0020 size=3bdd0h (245200) map[0m
[0;32mI (148) esp_image: segment 1: paddr=0004bdf8 vaddr=3fc9b700 size=04220h ( 16928) load[0m
[0;32mI (152) esp_image: segment 2: paddr=00050020 vaddr=42000020 size=b1f00h (728832) map[0m
[0;32mI (285) esp_image: segment 3: paddr=00101f28 vaddr=3fc9f920 size=008dch (  2268) load[0m
[0;32mI (286) esp_image: segment 4: paddr=0010280c vaddr=40374000 size=17688h ( 95880) load[0m
[0;32mI (321) boot: Loaded app from partition at offset 0x10000[0m
[0;32mI (321) boot: Disabling RNG early entropy source...[0m
[0;32mI (333) cpu_start: Multicore app[0m
[0;32mI (342) cpu_start: Pro cpu start user code[0m
[0;32mI (342) cpu_start: cpu freq: 160000000 Hz[0m
[0;32mI (342) app_init: Application information:[0m
[0;32mI (345) app_init: Project name:     main[0m
[0;32mI (350) app_init: App version:      1[0m
[0;32mI (354) app_init: Compile time:     May 14 2025 17:20:12[0m
[0;32mI (360) app_init: ELF file SHA256:  78f31fc7b...[0m
[0;32mI (365) app_init: ESP-IDF:          v5.3.1-dirty[0m
[0;32mI (371) efuse_init: Min chip rev:     v0.0[0m
[0;32mI (376) efuse_init: Max chip rev:     v0.99 [0m
[0;32mI (380) efuse_init: Chip rev:         v0.2[0m
[0;32mI (385) heap_init: Initializing. RAM available for dynamic allocation:[0m
[0;32mI (393) heap_init: At 3FCA4918 len 00044DF8 (275 KiB): RAM[0m
[0;32mI (399) heap_init: At 3FCE9710 len 00005724 (21 KiB): RAM[0m
[0;32mI (405) heap_init: At 3FCF0000 len 00008000 (32 KiB): DRAM[0m
[0;32mI (411) heap_init: At 600FE100 len 00001EE8 (7 KiB): RTCRAM[0m
[0;32mI (418) spi_flash: detected chip: boya[0m
[0;32mI (422) spi_flash: flash io: dio[0m
[0;33mW (426) i2s(legacy): legacy i2s driver is deprecated, please migrate to use driver/i2s_std.h, driver/i2s_pdm.h or driver/i2s_tdm.h[0m
[0;32mI (438) sleep: Configure to isolate all GPIO pins in sleep state[0m
[0;32mI (445) sleep: Enable automatic switching of GPIO sleep configuration[0m
[0;32mI (452) main_task: Started on CPU0[0m
[0;32mI (472) main_task: Calling app_main()[0m
