ESP-ROM:esp32s3-20210327
Build:Mar 27 2021
rst:0x1 (POWERON),boot:0x28 (SPI_FAST_FLASH_BOOT)
SPIWP:0xee
mode:DIO, clock div:1
load:0x3fce2810,len:0x178c
load:0x403c8700,len:0x4
load:0x403c8704,len:0xcb8
load:0x403cb700,len:0x2db0
entry 0x403c8914
[0;32mI (27) boot: ESP-IDF v5.3.1-dirty 2nd stage bootloader[0m
[0;32mI (27) boot: compile time Jun 20 2025 18:02:16[0m
[0;32mI (27) boot: Multicore bootloader[0m
[0;32mI (30) boot: chip revision: v0.2[0m
[0;32mI (34) boot.esp32s3: Boot SPI Speed : 80MHz[0m
[0;32mI (39) boot.esp32s3: SPI Mode       : DIO[0m
[0;32mI (44) boot.esp32s3: SPI Flash Size : 16MB[0m
[0;32mI (49) boot: Enabling RNG early entropy source...[0m
[0;32mI (54) boot: Partition Table:[0m
[0;32mI (58) boot: ## Label            Usage          Type ST Offset   Length[0m
[0;32mI (65) boot:  0 nvs              WiFi data        01 02 00009000 00006000[0m
[0;32mI (72) boot:  1 phy_init         RF data          01 01 0000f000 00001000[0m
[0;32mI (80) boot:  2 factory          factory app      00 00 00010000 00177000[0m
[0;32mI (87) boot: End of partition table[0m
[0;32mI (91) esp_image: segment 0: paddr=00010020 vaddr=3c0c0020 size=41b00h (269056) map[0m
[0;32mI (148) esp_image: segment 1: paddr=00051b28 vaddr=3fc9ba00 size=04d7ch ( 19836) load[0m
[0;32mI (153) esp_image: segment 2: paddr=000568ac vaddr=40374000 size=0976ch ( 38764) load[0m
[0;32mI (162) esp_image: segment 3: paddr=00060020 vaddr=42000020 size=bdaa4h (776868) map[0m
[0;32mI (302) esp_image: segment 4: paddr=0011dacc vaddr=4037d76c size=0e22ch ( 57900) load[0m
[0;32mI (325) boot: Loaded app from partition at offset 0x10000[0m
[0;32mI (325) boot: Disabling RNG early entropy source...[0m
[0;32mI (337) cpu_start: Multicore app[0m
[0;32mI (346) cpu_start: Pro cpu start user code[0m
[0;32mI (346) cpu_start: cpu freq: 160000000 Hz[0m
[0;32mI (346) app_init: Application information:[0m
[0;32mI (349) app_init: Project name:     main[0m
[0;32mI (354) app_init: App version:      66ad460-dirty[0m
[0;32mI (359) app_init: Compile time:     Jun 20 2025 18:01:56[0m
[0;32mI (365) app_init: ELF file SHA256:  d7d09462c...[0m
[0;32mI (370) app_init: ESP-IDF:          v5.3.1-dirty[0m
[0;32mI (376) efuse_init: Min chip rev:     v0.0[0m
[0;32mI (380) efuse_init: Max chip rev:     v0.99 [0m
[0;32mI (385) efuse_init: Chip rev:         v0.2[0m
[0;32mI (390) heap_init: Initializing. RAM available for dynamic allocation:[0m
[0;32mI (397) heap_init: At 3FCA51A8 len 00044568 (273 KiB): RAM[0m
[0;32mI (403) heap_init: At 3FCE9710 len 00005724 (21 KiB): RAM[0m
[0;32mI (410) heap_init: At 3FCF0000 len 00008000 (32 KiB): DRAM[0m
[0;32mI (416) heap_init: At 600FE100 len 00001EE8 (7 KiB): RTCRAM[0m
[0;32mI (423) spi_flash: detected chip: boya[0m
[0;32mI (426) spi_flash: flash io: dio[0m
[0;33mW (430) i2s(legacy): legacy i2s driver is deprecated, please migrate to use driver/i2s_std.h, driver/i2s_pdm.h or driver/i2s_tdm.h[0m
[0;32mI (443) sleep: Configure to isolate all GPIO pins in sleep state[0m
[0;32mI (450) sleep: Enable automatic switching of GPIO sleep configuration[0m
[0;32mI (457) main_task: Started on CPU0[0m
[0;32mI (477) main_task: Calling app_main()[0m
[0;32mI (2497) gpio: GPIO[3]| InputEn: 1| OutputEn: 0| OpenDrain: 0| Pullup: 1| Pulldown: 0| Intr:2 [0m
[0;32mI (2497) gpio: GPIO[38]| InputEn: 0| OutputEn: 1| OpenDrain: 0| Pullup: 0| Pulldown: 0| Intr:0 [0m
[0;32mI (2547) sdspi_transaction: cmd=52, R1 response: command not supported[0m
[0;32mI (2667) sdspi_transaction: cmd=5, R1 response: command not supported[0m
[0;32mI (2767) MP3Streamer: SD card mounted[0m
[0;32mI (2767) pp: pp rom version: e7ae62f[0m
[0;32mI (2767) net80211: net80211 rom version: e7ae62f[0m
[0;32mI (2777) wifi:wifi driver task: 3fcc4410, prio:23, stack:6656, core=0[0m
[0;32mI (2787) wifi:wifi firmware version: ccaebfa[0m
[0;32mI (2787) wifi:wifi certification version: v7.0[0m
[0;32mI (2787) wifi:config NVS flash: enabled[0m
[0;32mI (2787) wifi:config nano formating: disabled[0m
[0;32mI (2797) wifi:Init data frame dynamic rx buffer num: 32[0m
[0;32mI (2797) wifi:Init static rx mgmt buffer num: 5[0m
[0;32mI (2807) wifi:Init management short buffer num: 32[0m
[0;32mI (2807) wifi:Init dynamic tx buffer num: 32[0m
[0;32mI (2807) wifi:Init static tx FG buffer num: 2[0m
[0;32mI (2817) wifi:Init static rx buffer size: 1600[0m
[0;32mI (2817) wifi:Init static rx buffer num: 10[0m
[0;32mI (2827) wifi:Init dynamic rx buffer num: 32[0m
[0;32mI (2827) wifi_init: rx ba win: 6[0m
[0;32mI (2827) wifi_init: accept mbox: 6[0m
[0;32mI (2837) wifi_init: tcpip mbox: 32[0m
[0;32mI (2837) wifi_init: udp mbox: 6[0m
[0;32mI (2847) wifi_init: tcp mbox: 6[0m
[0;32mI (2847) wifi_init: tcp tx win: 5760[0m
[0;32mI (2847) wifi_init: tcp rx win: 5760[0m
[0;32mI (2857) wifi_init: tcp mss: 1440[0m
[0;32mI (2857) wifi_init: WiFi IRAM OP enabled[0m
[0;32mI (2867) wifi_init: WiFi RX IRAM OP enabled[0m
[0;32mI (2877) phy_init: phy_version 680,a6008b2,Jun  4 2024,16:41:10[0m
[0;33mW (2917) phy_init: saving new calibration data because of checksum failure, mode(0)[0m
[0;32mI (2987) wifi:mode : softAP (94:a9:90:28:d6:ed)[0m
[0;32mI (2987) wifi:Total power save buffer number: 16[0m
[0;32mI (2997) wifi:Init max length of beacon: 752/752[0m
[0;32mI (2997) wifi:Init max length of beacon: 752/752[0m
[0;32mI (2997) MP3Streamer: Access Point started. Connect to SSID: ESP32-Setup[0m
[0;32mI (2997) esp_netif_lwip: DHCP server started on interface WIFI_AP_DEF with IP: 192.168.4.1[0m
[0;32mI (3017) MP3Streamer: HTTP Server started[0m
[0;32mI (75307) wifi:new:<1,0>, old:<1,1>, ap:<1,1>, sta:<255,255>, prof:1, snd_ch_cfg:0x0[0m
[0;32mI (75307) wifi:station: 76:65:54:5e:d6:93 join, AID=1, bgn, 20[0m
[0;32mI (75337) MP3Streamer: Station connected to AP[0m
[0;32mI (75357) wifi:<ba-add>idx:2 (ifx:1, 76:65:54:5e:d6:93), tid:0, ssn:0, winSize:64[0m
[0;32mI (75877) esp_netif_lwip: DHCP server assigned IP to a client, IP is: 192.168.4.2[0m
[0;33mW (97687) httpd_uri: httpd_uri: URI '/favicon.ico' not found[0m
[0;33mW (97687) httpd_txrx: httpd_resp_send_err: 404 Not Found - Nothing matches the given URI[0m
[0;32mI (111227) MP3Streamer: Received SSID: Van Vuong, PASS: n06111977, Server URL: http://192.168.1.8/upload-audio[0m
[0;32mI (111237) wifi:mode : sta (94:a9:90:28:d6:ec) + softAP (94:a9:90:28:d6:ed)[0m
[0;32mI (111237) wifi:enable tsf[0m
[0;33mW (111247) wifi:Password length matches WPA2 standards, authmode threshold changes from OPEN to WPA2[0m
[0;32mI (111257) MP3Streamer: WiFi STA started, connecting...[0m
[1;31mE (111257) wifi:sta is connecting, return error[0m
[0;32mI (111257) wifi:primary chan differ, old=1, new=11, start CSA timer[0m
[0;32mI (111667) wifi:switch to channel 11[0m
[0;32mI (111667) wifi:ap channel adjust o:1,1 n:11,2[0m
[0;32mI (111667) wifi:new:<11,0>, old:<1,0>, ap:<11,2>, sta:<0,0>, prof:1, snd_ch_cfg:0x0[0m
[0;32mI (111667) wifi:new:<11,2>, old:<11,0>, ap:<11,2>, sta:<11,0>, prof:1, snd_ch_cfg:0x0[0m
[0;32mI (111677) wifi:state: init -> auth (0xb0)[0m
[0;32mI (111687) wifi:state: auth -> assoc (0x0)[0m
[0;32mI (111687) wifi:state: assoc -> run (0x10)[0m
[0;32mI (111697) wifi:<ba-add>idx:0 (ifx:0, a0:65:18:c4:b3:8d), tid:0, ssn:0, winSize:64[0m
[0;32mI (111707) wifi:connected with Van Vuong, aid = 3, channel 11, BW20, bssid = a0:65:18:c4:b3:8d[0m
[0;32mI (111717) wifi:security: WPA2-PSK, phy: bgn, rssi: -66[0m
[0;32mI (111717) wifi:pm start, type: 1[0m

[0;32mI (111717) wifi:dp: 1, bi: 102400, li: 3, scale listen interval from 307200 us to 307200 us[0m
[0;32mI (111727) wifi:set rx beacon pti, rx_bcn_pti: 0, bcn_timeout: 25000, mt_pti: 0, mt_time: 10000[0m
[0;32mI (111807) wifi:AP's beacon interval = 102400 us, DTIM period = 1[0m
[0;32mI (114737) esp_netif_handlers: sta ip: 192.168.1.5, mask: 255.255.255.0, gw: 192.168.1.1[0m
[0;32mI (114737) MP3Streamer: Got IP address: 192.168.1.5[0m
[0;32mI (125837) MP3Streamer: Start recording...[0m
[0;32mI (126057) MP3Streamer: Recording done. Bytes = 6656[0m
[0;32mI (137897) MP3Streamer: Start recording...[0m
[0;32mI (138487) MP3Streamer: Recording done. Bytes = 22016[0m
[0;32mI (142027) MP3Streamer: Start recording...[0m
[0;32mI (142767) MP3Streamer: Recording done. Bytes = 27648[0m
[0;31mE (144147) esp-tls: [sock=58] delayed connect error: Software caused connection abort[0m
[0;31mE (144147) transport_base: Failed to open a new connection: 32772[0m
[0;31mE (144147) HTTP_CLIENT: Connection failed, sock < 0[0m
[0;31mE (156647) esp-tls: [sock=59] delayed connect error: Software caused connection abort[0m
[0;31mE (156647) transport_base: Failed to open a new connection: 32772[0m
[0;31mE (156647) HTTP_CLIENT: Connection failed, sock < 0[0m
[0;31mE (161147) esp-tls: [sock=60] delayed connect error: Software caused connection abort[0m
[0;31mE (161147) transport_base: Failed to open a new connection: 32772[0m
[0;31mE (161147) HTTP_CLIENT: Connection failed, sock < 0[0m
[0;32mI (170977) MP3Streamer: Received SSID: Van Vuong, PASS: n06111977, Server URL: http://192.168.1.8:5000/upload-audio[0m
[0;33mW (170977) wifi:Password length matches WPA2 standards, authmode threshold changes from OPEN to WPA2[0m
[0;32mI (182317) MP3Streamer: Start recording...[0m
[0;32mI (182537) MP3Streamer: Recording done. Bytes = 10752[0m
[0;32mI (184207) MP3Streamer: VÄƒn báº£n nháº­n dáº¡ng: KhÃ´ng nháº­n diá»‡n Ä‘Æ°á»£c[0m
[0;32mI (184207) gpio: GPIO[2]| InputEn: 0| OutputEn: 0| OpenDrain: 0| Pullup: 1| Pulldown: 0| Intr:0 [0m
[0;32mI (184217) MP3Streamer: âœ… File MP3 URL: http://192.168.1.8:5000/uploads/record_response.mp3[0m
[0;32mI (184297) MP3Streamer: MP3 sample rate: 24000, channels: 1[0m
[0;32mI (185567) MP3Streamer: Streaming finished[0m
[0;32mI (187197) MP3Streamer: Start recording...[0m
[0;32mI (188537) MP3Streamer: Recording done. Bytes = 46592[0m
[0;31mE (194447) MP3Streamer: KhÃ´ng parse Ä‘Æ°á»£c JSON.[0m
[0;32mI (209597) MP3Streamer: Start recording...[0m
[0;32mI (210727) MP3Streamer: Recording done. Bytes = 39936[0m
[0;31mE (214817) MP3Streamer: KhÃ´ng parse Ä‘Æ°á»£c JSON.[0m
[0;32mI (293707) MP3Streamer: Start recording...[0m
[0;32mI (295257) MP3Streamer: Recording done. Bytes = 53248[0m
[0;32mI (301857) MP3Streamer: VÄƒn báº£n nháº­n dáº¡ng: alo[0m
[0;32mI (301867) gpio: GPIO[2]| InputEn: 0| OutputEn: 0| OpenDrain: 0| Pullup: 1| Pulldown: 0| Intr:0 [0m
[0;32mI (301867) MP3Streamer: âœ… File MP3 URL: http://192.168.1.8:5000/uploads/record_response.mp3[0m
[0;32mI (301927) MP3Streamer: MP3 sample rate: 24000, channels: 1[0m
[0;31mE (301927) i2s(legacy): i2s_set_clk(1116): I2S1 has not installed yet[0m
Guru Meditation Error: Core  1 panic'ed (LoadProhibited). Exception was unhandled.

Core  1 register dump:
PC      : 0x420235f8  PS      : 0x00060b30  A0      : 0x8201620c  A1      : 0x3fcd1e80  
A2      : 0x00000001  A3      : 0x3fcd949c  A4      : 0x00000480  A5      : 0x3fcd1fa4  
A6      : 0xffffffff  A7      : 0x00000001  A8      : 0x00000000  A9      : 0x3fcd1e30  
A10     : 0x00000001  A11     : 0x3c0cb5d4  A12     : 0x3c0cbfac  A13     : 0x00049b67  
A14     : 0x3c0cb5d4  A15     : 0x3c0efbf8  SAR     : 0x00000004  EXCCAUSE: 0x0000001c  
EXCVADDR: 0x00000010  LBEG    : 0x400556d5  LEND    : 0x400556e5  LCOUNT  : 0xfffffffc  


Backtrace: 0x420235f5:0x3fcd1e80 0x42016209:0x3fcd1eb0 0x4200bd4e:0x3fcd1ed0 0x4200c082:0x3fcd1fe0 0x4037e9fd:0x3fcd2620




ELF file SHA256: d7d09462c

Rebooting...
ï¿½ï¿½ï¿½ESP-ROM:esp32s3-20210327
Build:Mar 27 2021
rst:0xc (RTC_SW_CPU_RST),boot:0x28 (SPI_FAST_FLASH_BOOT)
Saved PC:0x4037c27e
SPIWP:0xee
mode:DIO, clock div:1
load:0x3fce2810,len:0x178c
load:0x403c8700,len:0x4
load:0x403c8704,len:0xcb8
load:0x403cb700,len:0x2db0
entry 0x403c8914
[0;32mI (31) boot: ESP-IDF v5.3.1-dirty 2nd stage bootloader[0m
[0;32mI (31) boot: compile time Jun 20 2025 18:02:16[0m
[0;32mI (31) boot: Multicore bootloader[0m
[0;32mI (35) boot: chip revision: v0.2[0m
[0;32mI (39) boot.esp32s3: Boot SPI Speed : 80MHz[0m
[0;32mI (44) boot.esp32s3: SPI Mode       : DIO[0m
[0;32mI (48) boot.esp32s3: SPI Flash Size : 16MB[0m
[0;32mI (53) boot: Enabling RNG early entropy source...[0m
[0;32mI (58) boot: Partition Table:[0m
[0;32mI (62) boot: ## Label            Usage          Type ST Offset   Length[0m
[0;32mI (69) boot:  0 nvs              WiFi data        01 02 00009000 00006000[0m
[0;32mI (77) boot:  1 phy_init         RF data          01 01 0000f000 00001000[0m
[0;32mI (84) boot:  2 factory          factory app      00 00 00010000 00177000[0m
[0;32mI (92) boot: End of partition table[0m
[0;32mI (96) esp_image: segment 0: paddr=00010020 vaddr=3c0c0020 size=41b00h (269056) map[0m
[0;32mI (153) esp_image: segment 1: paddr=00051b28 vaddr=3fc9ba00 size=04d7ch ( 19836) load[0m
[0;32mI (157) esp_image: segment 2: paddr=000568ac vaddr=40374000 size=0976ch ( 38764) load[0m
[0;32mI (167) esp_image: segment 3: paddr=00060020 vaddr=42000020 size=bdaa4h (776868) map[0m
[0;32mI (307) esp_image: segment 4: paddr=0011dacc vaddr=4037d76c size=0e22ch ( 57900) load[0m
[0;32mI (330) boot: Loaded app from partition at offset 0x10000[0m
[0;32mI (330) boot: Disabling RNG early entropy source...[0m
[0;32mI (342) cpu_start: Multicore app[0m
[0;32mI (351) cpu_start: Pro cpu start user code[0m
[0;32mI (351) cpu_start: cpu freq: 160000000 Hz[0m
[0;32mI (352) app_init: Application information:[0m
[0;32mI (354) app_init: Project name:     main[0m
[0;32mI (359) app_init: App version:      66ad460-dirty[0m
[0;32mI (364) app_init: Compile time:     Jun 20 2025 18:01:56[0m
[0;32mI (370) app_init: ELF file SHA256:  d7d09462c...[0m
[0;32mI (376) app_init: ESP-IDF:          v5.3.1-dirty[0m
[0;32mI (381) efuse_init: Min chip rev:     v0.0[0m
[0;32mI (386) efuse_init: Max chip rev:     v0.99 [0m
[0;32mI (391) efuse_init: Chip rev:         v0.2[0m
[0;32mI (396) heap_init: Initializing. RAM available for dynamic allocation:[0m
[0;32mI (403) heap_init: At 3FCA51A8 len 00044568 (273 KiB): RAM[0m
[0;32mI (409) heap_init: At 3FCE9710 len 00005724 (21 KiB): RAM[0m
[0;32mI (415) heap_init: At 3FCF0000 len 00008000 (32 KiB): DRAM[0m
[0;32mI (421) heap_init: At 600FE100 len 00001EE8 (7 KiB): RTCRAM[0m
[0;32mI (428) spi_flash: detected chip: boya[0m
[0;32mI (432) spi_flash: flash io: dio[0m
[0;33mW (436) i2s(legacy): legacy i2s driver is deprecated, please migrate to use driver/i2s_std.h, driver/i2s_pdm.h or driver/i2s_tdm.h[0m
[0;32mI (448) sleep: Configure to isolate all GPIO pins in sleep state[0m
[0;32mI (455) sleep: Enable automatic switching of GPIO sleep configuration[0m
[0;32mI (462) main_task: Started on CPU0[0m
[0;32mI (482) main_task: Calling app_main()[0m
[0;32mI (2502) gpio: GPIO[3]| InputEn: 1| OutputEn: 0| OpenDrain: 0| Pullup: 1| Pulldown: 0| Intr:2 [0m
[0;32mI (2502) gpio: GPIO[38]| InputEn: 0| OutputEn: 1| OpenDrain: 0| Pullup: 0| Pulldown: 0| Intr:0 [0m
[0;32mI (2552) sdspi_transaction: cmd=52, R1 response: command not supported[0m
[0;32mI (2672) sdspi_transaction: cmd=5, R1 response: command not supported[0m
[0;32mI (2732) MP3Streamer: SD card mounted[0m
[0;32mI (2732) pp: pp rom version: e7ae62f[0m
[0;32mI (2732) net80211: net80211 rom version: e7ae62f[0m
[0;32mI (2742) wifi:wifi driver task: 3fcc4410, prio:23, stack:6656, core=0[0m
[0;32mI (2752) wifi:wifi firmware version: ccaebfa[0m
[0;32mI (2752) wifi:wifi certification version: v7.0[0m
[0;32mI (2752) wifi:config NVS flash: enabled[0m
[0;32mI (2752) wifi:config nano formating: disabled[0m
[0;32mI (2762) wifi:Init data frame dynamic rx buffer num: 32[0m
[0;32mI (2762) wifi:Init static rx mgmt buffer num: 5[0m
[0;32mI (2762) wifi:Init management short buffer num: 32[0m
[0;32mI (2772) wifi:Init dynamic tx buffer num: 32[0m
[0;32mI (2772) wifi:Init static tx FG buffer num: 2[0m
[0;32mI (2782) wifi:Init static rx buffer size: 1600[0m
[0;32mI (2782) wifi:Init static rx buffer num: 10[0m
[0;32mI (2782) wifi:Init dynamic rx buffer num: 32[0m
[0;32mI (2792) wifi_init: rx ba win: 6[0m
[0;32mI (2792) wifi_init: accept mbox: 6[0m
[0;32mI (2802) wifi_init: tcpip mbox: 32[0m
[0;32mI (2802) wifi_init: udp mbox: 6[0m
[0;32mI (2802) wifi_init: tcp mbox: 6[0m
[0;32mI (2812) wifi_init: tcp tx win: 5760[0m
[0;32mI (2812) wifi_init: tcp rx win: 5760[0m
[0;32mI (2822) wifi_init: tcp mss: 1440[0m
[0;32mI (2822) wifi_init: WiFi IRAM OP enabled[0m
[0;32mI (2832) wifi_init: WiFi RX IRAM OP enabled[0m
[0;32mI (2842) phy_init: phy_version 680,a6008b2,Jun  4 2024,16:41:10[0m
[0;33mW (2872) phy_init: saving new calibration data because of checksum failure, mode(0)[0m
[0;32mI (2952) wifi:mode : softAP (94:a9:90:28:d6:ed)[0m
[0;32mI (2962) wifi:Total power save buffer number: 16[0m
[0;32mI (2962) wifi:Init max length of beacon: 752/752[0m
[0;32mI (2962) wifi:Init max length of beacon: 752/752[0m
[0;32mI (2962) MP3Streamer: Access Point started. Connect to SSID: ESP32-Setup[0m
[0;32mI (2962) esp_netif_lwip: DHCP server started on interface WIFI_AP_DEF with IP: 192.168.4.1[0m
[0;32mI (2982) MP3Streamer: HTTP Server started[0m
[0;32mI (11882) wifi:new:<1,0>, old:<1,1>, ap:<1,1>, sta:<255,255>, prof:1, snd_ch_cfg:0x0[0m
[0;32mI (11882) wifi:station: 76:65:54:5e:d6:93 join, AID=1, bgn, 20[0m
[0;32mI (11912) MP3Streamer: Station connected to AP[0m
[0;32mI (11922) wifi:<ba-add>idx:2 (ifx:1, 76:65:54:5e:d6:93), tid:0, ssn:0, winSize:64[0m
[0;32mI (12022) esp_netif_lwip: DHCP server assigned IP to a client, IP is: 192.168.4.2[0m
