ESP-ROM:esp32s3-20210327
Build:Mar 27 2021
rst:0x1 (POWERON),boot:0x28 (SPI_FAST_FLASH_BOOT)
SPIWP:0xee
mode:DIO, clock div:1
load:0x3fce2810,len:0x178c
load:0x403c8700,len:0x4
load:0x403c8704,len:0xcb8
load:0x403cb700,len:0x2db0
entry 0x403c8914
[0;32mI (27) boot: ESP-IDF v5.3.1-dirty 2nd stage bootloader[0m
[0;32mI (27) boot: compile time Jun 20 2025 18:02:16[0m
[0;32mI (27) boot: Multicore bootloader[0m
[0;32mI (30) boot: chip revision: v0.2[0m
[0;32mI (34) boot.esp32s3: Boot SPI Speed : 80MHz[0m
[0;32mI (39) boot.esp32s3: SPI Mode       : DIO[0m
[0;32mI (44) boot.esp32s3: SPI Flash Size : 16MB[0m
[0;32mI (49) boot: Enabling RNG early entropy source...[0m
[0;32mI (54) boot: Partition Table:[0m
[0;32mI (58) boot: ## Label            Usage          Type ST Offset   Length[0m
[0;32mI (65) boot:  0 nvs              WiFi data        01 02 00009000 00006000[0m
[0;32mI (72) boot:  1 phy_init         RF data          01 01 0000f000 00001000[0m
[0;32mI (80) boot:  2 factory          factory app      00 00 00010000 00177000[0m
[0;32mI (87) boot: End of partition table[0m
[0;32mI (91) esp_image: segment 0: paddr=00010020 vaddr=3c0c0020 size=41b50h (269136) map[0m
[0;32mI (148) esp_image: segment 1: paddr=00051b78 vaddr=3fc9ba00 size=04d7ch ( 19836) load[0m
[0;32mI (153) esp_image: segment 2: paddr=000568fc vaddr=40374000 size=0971ch ( 38684) load[0m
[0;32mI (162) esp_image: segment 3: paddr=00060020 vaddr=42000020 size=bda50h (776784) map[0m
[0;32mI (302) esp_image: segment 4: paddr=0011da78 vaddr=4037d71c size=0e27ch ( 57980) load[0m
[0;32mI (325) boot: Loaded app from partition at offset 0x10000[0m
[0;32mI (325) boot: Disabling RNG early entropy source...[0m
[0;32mI (337) cpu_start: Multicore app[0m
[0;32mI (346) cpu_start: Pro cpu start user code[0m
[0;32mI (346) cpu_start: cpu freq: 160000000 Hz[0m
[0;32mI (346) app_init: Application information:[0m
[0;32mI (349) app_init: Project name:     main[0m
[0;32mI (354) app_init: App version:      66ad460-dirty[0m
[0;32mI (359) app_init: Compile time:     Jun 20 2025 18:01:56[0m
[0;32mI (365) app_init: ELF file SHA256:  44ca6bff1...[0m
[0;32mI (370) app_init: ESP-IDF:          v5.3.1-dirty[0m
[0;32mI (376) efuse_init: Min chip rev:     v0.0[0m
[0;32mI (380) efuse_init: Max chip rev:     v0.99 [0m
[0;32mI (385) efuse_init: Chip rev:         v0.2[0m
[0;32mI (390) heap_init: Initializing. RAM available for dynamic allocation:[0m
[0;32mI (397) heap_init: At 3FCA51A8 len 00044568 (273 KiB): RAM[0m
[0;32mI (403) heap_init: At 3FCE9710 len 00005724 (21 KiB): RAM[0m
[0;32mI (410) heap_init: At 3FCF0000 len 00008000 (32 KiB): DRAM[0m
[0;32mI (416) heap_init: At 600FE100 len 00001EE8 (7 KiB): RTCRAM[0m
[0;32mI (423) spi_flash: detected chip: boya[0m
[0;32mI (426) spi_flash: flash io: dio[0m
[0;33mW (430) i2s(legacy): legacy i2s driver is deprecated, please migrate to use driver/i2s_std.h, driver/i2s_pdm.h or driver/i2s_tdm.h[0m
[0;32mI (443) sleep: Configure to isolate all GPIO pins in sleep state[0m
[0;32mI (450) sleep: Enable automatic switching of GPIO sleep configuration[0m
[0;32mI (457) main_task: Started on CPU0[0m
[0;32mI (477) main_task: Calling app_main()[0m
[0;32mI (2497) gpio: GPIO[3]| InputEn: 1| OutputEn: 0| OpenDrain: 0| Pullup: 1| Pulldown: 0| Intr:2 [0m
[0;32mI (2497) gpio: GPIO[38]| InputEn: 0| OutputEn: 1| OpenDrain: 0| Pullup: 0| Pulldown: 0| Intr:0 [0m
[0;32mI (2547) sdspi_transaction: cmd=52, R1 response: command not supported[0m
[0;32mI (2667) sdspi_transaction: cmd=5, R1 response: command not supported[0m
[0;32mI (2767) SDCard: SD card mounted[0m
[0;32mI (2767) pp: pp rom version: e7ae62f[0m
[0;32mI (2767) net80211: net80211 rom version: e7ae62f[0m
[0;32mI (2777) wifi:wifi driver task: 3fcc4410, prio:23, stack:6656, core=0[0m
[0;32mI (2787) wifi:wifi firmware version: ccaebfa[0m
[0;32mI (2787) wifi:wifi certification version: v7.0[0m
[0;32mI (2787) wifi:config NVS flash: enabled[0m
[0;32mI (2787) wifi:config nano formating: disabled[0m
[0;32mI (2797) wifi:Init data frame dynamic rx buffer num: 32[0m
[0;32mI (2797) wifi:Init static rx mgmt buffer num: 5[0m
[0;32mI (2807) wifi:Init management short buffer num: 32[0m
[0;32mI (2807) wifi:Init dynamic tx buffer num: 32[0m
[0;32mI (2807) wifi:Init static tx FG buffer num: 2[0m
[0;32mI (2817) wifi:Init static rx buffer size: 1600[0m
[0;32mI (2817) wifi:Init static rx buffer num: 10[0m
[0;32mI (2827) wifi:Init dynamic rx buffer num: 32[0m
[0;32mI (2827) wifi_init: rx ba win: 6[0m
[0;32mI (2827) wifi_init: accept mbox: 6[0m
[0;32mI (2837) wifi_init: tcpip mbox: 32[0m
[0;32mI (2837) wifi_init: udp mbox: 6[0m
[0;32mI (2847) wifi_init: tcp mbox: 6[0m
[0;32mI (2847) wifi_init: tcp tx win: 5760[0m
[0;32mI (2847) wifi_init: tcp rx win: 5760[0m
[0;32mI (2857) wifi_init: tcp mss: 1440[0m
[0;32mI (2857) wifi_init: WiFi IRAM OP enabled[0m
[0;32mI (2867) wifi_init: WiFi RX IRAM OP enabled[0m
[0;32mI (2877) phy_init: phy_version 680,a6008b2,Jun  4 2024,16:41:10[0m
[0;32mI (2907) wifi:mode : softAP (94:a9:90:28:d6:ed)[0m
[0;32mI (2917) wifi:Total power save buffer number: 16[0m
[0;32mI (2917) wifi:Init max length of beacon: 752/752[0m
[0;32mI (2917) wifi:Init max length of beacon: 752/752[0m
[0;32mI (2917) MP3Streamer: Access Point started. Connect to SSID: ESP32-Setup[0m
[0;32mI (2917) esp_netif_lwip: DHCP server started on interface WIFI_AP_DEF with IP: 192.168.4.1[0m
[0;32mI (2937) MP3Streamer: HTTP Server started[0m
[0;32mI (20647) wifi:new:<1,0>, old:<1,1>, ap:<1,1>, sta:<255,255>, prof:1, snd_ch_cfg:0x0[0m
[0;32mI (20647) wifi:station: 76:65:54:5e:d6:93 join, AID=1, bgn, 20[0m
[0;32mI (20677) MP3Streamer: Station connected to AP[0m
[0;32mI (20687) wifi:<ba-add>idx:2 (ifx:1, 76:65:54:5e:d6:93), tid:0, ssn:0, winSize:64[0m
[0;32mI (21047) esp_netif_lwip: DHCP server assigned IP to a client, IP is: 192.168.4.2[0m
[0;32mI (31397) MP3Streamer: Received SSID: Van Vuong, PASS: n06111977, Server URL: http://192.168.1.8:5000/upload-audio[0m
[0;32mI (31397) wifi:mode : sta (94:a9:90:28:d6:ec) + softAP (94:a9:90:28:d6:ed)[0m
[0;32mI (31407) wifi:enable tsf[0m
[0;33mW (31417) wifi:Password length matches WPA2 standards, authmode threshold changes from OPEN to WPA2[0m
[0;32mI (31417) MP3Streamer: WiFi STA started, connecting...[0m
[0;32mI (31417) wifi:primary chan differ, old=1, new=11, start CSA timer[0m
[1;31mE (31427) wifi:sta is connecting, return error[0m
[0;32mI (31827) wifi:switch to channel 11[0m
[0;32mI (31827) wifi:ap channel adjust o:1,1 n:11,2[0m
[0;32mI (31827) wifi:new:<11,0>, old:<1,0>, ap:<11,2>, sta:<0,0>, prof:1, snd_ch_cfg:0x0[0m
[0;32mI (31827) wifi:new:<11,2>, old:<11,0>, ap:<11,2>, sta:<11,0>, prof:1, snd_ch_cfg:0x0[0m
[0;32mI (31837) wifi:state: init -> auth (0xb0)[0m
[0;32mI (31847) wifi:state: auth -> assoc (0x0)[0m
[0;32mI (31847) wifi:state: assoc -> run (0x10)[0m
[0;32mI (31857) wifi:<ba-add>idx:0 (ifx:0, a0:65:18:c4:b3:8d), tid:0, ssn:0, winSize:64[0m
[0;32mI (31867) wifi:connected with Van Vuong, aid = 3, channel 11, BW20, bssid = a0:65:18:c4:b3:8d[0m
[0;32mI (31867) wifi:security: WPA2-PSK, phy: bgn, rssi: -61[0m
[0;32mI (31877) wifi:pm start, type: 1[0m

[0;32mI (31877) wifi:dp: 1, bi: 102400, li: 3, scale listen interval from 307200 us to 307200 us[0m
[0;32mI (31877) wifi:set rx beacon pti, rx_bcn_pti: 0, bcn_timeout: 25000, mt_pti: 0, mt_time: 10000[0m
[0;32mI (31937) wifi:AP's beacon interval = 102400 us, DTIM period = 1[0m
[0;32mI (32897) esp_netif_handlers: sta ip: 192.168.1.5, mask: 255.255.255.0, gw: 192.168.1.1[0m
[0;32mI (32897) MP3Streamer: Got IP address: 192.168.1.5[0m
[0;32mI (36897) MP3Streamer: Start recording...[0m
[0;32mI (37077) MP3Streamer: Recording done. Bytes = 8192[0m
[0;32mI (38307) MP3Streamer: VÄƒn báº£n nháº­n dáº¡ng: KhÃ´ng nháº­n diá»‡n Ä‘Æ°á»£c[0m
[0;32mI (38307) gpio: GPIO[2]| InputEn: 0| OutputEn: 0| OpenDrain: 0| Pullup: 1| Pulldown: 0| Intr:0 [0m
[0;32mI (38317) MP3Streamer: âœ… File MP3 URL: http://192.168.1.8:5000/uploads/record_response.mp3[0m
[0;32mI (38367) MP3Streamer: MP3 sample rate: 24000, channels: 1[0m
[0;32mI (39647) MP3Streamer: Streaming finished[0m
[0;32mI (42877) MP3Streamer: Start recording...[0m
[0;32mI (43027) MP3Streamer: Recording done. Bytes = 8704[0m
[0;32mI (44127) MP3Streamer: VÄƒn báº£n nháº­n dáº¡ng: KhÃ´ng nháº­n diá»‡n Ä‘Æ°á»£c[0m
[0;32mI (44127) gpio: GPIO[2]| InputEn: 0| OutputEn: 0| OpenDrain: 0| Pullup: 1| Pulldown: 0| Intr:0 [0m
[0;32mI (44137) MP3Streamer: âœ… File MP3 URL: http://192.168.1.8:5000/uploads/record_response.mp3[0m
[0;32mI (44187) MP3Streamer: MP3 sample rate: 24000, channels: 1[0m
[0;32mI (45467) MP3Streamer: Streaming finished[0m
[0;32mI (46907) MP3Streamer: Start recording...[0m
[0;32mI (47047) MP3Streamer: Recording done. Bytes = 7680[0m
[0;32mI (48217) MP3Streamer: VÄƒn báº£n nháº­n dáº¡ng: KhÃ´ng nháº­n diá»‡n Ä‘Æ°á»£c[0m
[0;32mI (48217) gpio: GPIO[2]| InputEn: 0| OutputEn: 0| OpenDrain: 0| Pullup: 1| Pulldown: 0| Intr:0 [0m
[0;32mI (48227) MP3Streamer: âœ… File MP3 URL: http://192.168.1.8:5000/uploads/record_response.mp3[0m
[0;32mI (48287) MP3Streamer: MP3 sample rate: 24000, channels: 1[0m
[0;32mI (49567) MP3Streamer: Streaming finished[0m
